  RUN   V-T-1_pass_two_inputs_owner_market_consolidate
  PASS  V-T-1_pass_two_inputs_owner_market_consolidate
  RUN   V-T-2_fail_conservation_violated
  PASS  V-T-2_fail_conservation_violated
  RUN   V-T-3a_fail_prev_owner_scheme_not_covenant
  PASS  V-T-3a_fail_prev_owner_scheme_not_covenant
  RUN   V-T-4_fail_owner_not_present_at_claimed_index
  PASS  V-T-4_fail_owner_not_present_at_claimed_index
  RUN   V-T-5_fail_market_sigscript_tail_one_byte_off
  PASS  V-T-5_fail_market_sigscript_tail_one_byte_off
  RUN   V-T-6_pass_bout_new_claim_output
  FAIL  V-T-6_pass_bout_new_claim_output
        error: script ran, but verification failed
           --> 1:1
           |
         1 | pragma silverscript ^0.1.0;
           | ^^^^^^^^^^^^^^^^^^^^^^^^^^^ verification failed here
           |   __cov_id = 0xaaaaaaaaaaaaaaaaaaaaaaaaaaaaaaaaaaaaaaaaaaaaaaaaaaaaaaaaaaaaaaaa, __cov_in_count = 1, __cov_in_k = 100, __cov_out_count = 0, __for_0___inline_4___cov_in_k_start = 0, __for_1___inline_4___cov_in_k_end = 1, __for_2___inline_4___cov_in_k = 100, __for_3___inline_15_i_start = 0, __for_4___inline_15_i_end = 1, __for_5___inline_15_i = 0, __for_6___inline_17_j_start = 0, __for_7___inline_17_j_end = 1, __for_8___inline_17_j = 1, __inline_12_pauseGuardOk = true, __inline_18_ownerIsMarketInput = <unavailable: negative stack index>, amount = 100, borrow_guard = 0x0000000000000000000000000000000000000000000000000000000000000000, borrow_scheme = 0x00, claim_tmpl_hash = 0xb9bde6f972f8a3f1dbb500acc69a380cbcfb4e9273d01052af99509632445283, claim_tmpl_prefix = [0x6b], claim_tmpl_suffix = [0x6c, 0x76, 0x04, 0xe4, 0x08, 0x8a, 0x55, 0x87, 0x63, 0x75, 0x53, 0x79, 0x82, 0x01, 0x20, 0x9d, 0x75, 0x52, 0x79, 0x82, 0x59, 0x9f, 0x69, 0x75, 0xb9, 0xcb, 0x52, 0x79, 0x52, 0x79, 0x78, 0x78, 0x58, 0x79, 0x58, 0x79, 0x78, 0x54, 0x79, 0x87, 0x69, 0x76, 0x53, 0x79, 0x9c, 0x69, 0x56, 0x79, 0x51, 0x9c, 0x69, 0xb9, 0x00, 0xcc, 0x01, 0x20, 0x5c, 0x79, 0x7e, 0x01, 0x08, 0x5c, 0x79, 0x58, 0xcd, 0x7e, 0x7e, 0xb9, 0x76, 0xc9, 0x02, 0xa7, 0x00, 0x94, 0x76, 0x51, 0x93, 0xbc, 0x7c, 0x7e, 0xb9, 0x76, 0xc9, 0x76, 0x01, 0xfc, 0x93, 0x7c, 0xbc, 0x7e, 0xaa, 0x02, 0x00, 0x00, 0x01, 0xaa, 0x7e, 0x01, 0x20, 0x7e, 0x7c, 0x7e, 0x01, 0x87, 0x7e, 0x78, 0xc3, 0x88, 0x75, 0x75, 0x75, 0x75, 0x75, 0x75, 0x75, 0x75, 0x75, 0x75, 0x75, 0x75, 0x51, 0x67, 0x6a, 0x68], extension_commitment = 0x0000000000000000000000000000000000000000000000000000000000000000, i = 0, idx = <unavailable: negative stack index>, init_amount = 100, init_borrow_guard = 0x0000000000000000000000000000000000000000000000000000000000000000, init_borrow_scheme = 0x00, init_extension_commitment = 0x0000000000000000000000000000000000000000000000000000000000000000, init_owner = 0x1111111111111111111111111111111111111111111111111111111111111111, init_owner_scheme = 0x04, j = <unavailable: negative stack index>, market_tmpl_suffix = [0xaa, 0xbb, 0xcc, 0xdd, 0xee], market_tmpl_suffix_len = 5, max_ins = 3, max_outs = 3, n = <unavailable: negative stack index>, new_claims = [{winner_pk: 0x7777777777777777777777777777777777777777777777777777777777777777, amount: 500}], next_states = [{amount: 100, owner: 0x3e4b0775073c8af63b5ab26209e575d67c5bc11d91410bd858e6ebbb4eb80677, owner_scheme: 0x04, borrow_scheme: 0x00, borrow_guard: 0x0000000000000000000000000000000000000000000000000000000000000000, extension_commitment: 0x0000000000000000000000000000000000000000000000000000000000000000}], ok = true, okTail = <unavailable: negative stack index>, out_k = <unavailable: negative stack index>, owner = 0x1111111111111111111111111111111111111111111111111111111111111111, owner_input_idx = [1], owner_scheme = 0x04, prev_states = [{amount: 100, owner: 0x1111111111111111111111111111111111111111111111111111111111111111, owner_scheme: 0x04, borrow_scheme: 0x00, borrow_guard: 0x0000000000000000000000000000000000000000000000000000000000000000, extension_commitment: 0x0000000000000000000000000000000000000000000000000000000000000000}], recv_idx = [-1], ss = <unavailable: negative stack index>, sum_in = 0, sum_out = 100, want = <unavailable: negative stack index>, witness = <unavailable: negative stack index>
           |
           ::: called from pauseGuardOk
           |
        63 |     function transferPolicy(State[] prev_states, State[] next_states, byte[] witness, int[] owner_input_idx, int[] recv_idx, ClaimState[] new_claims) {
        64 |         require(pauseGuardOk());   // §2.3 P3: 测试构建恒真, 不拦任何 transfer
           |                 ^^^^^^^^^^^^^^ in this call
           |   __cov_id = 0xaaaaaaaaaaaaaaaaaaaaaaaaaaaaaaaaaaaaaaaaaaaaaaaaaaaaaaaaaaaaaaaa, __cov_in_count = 1, __cov_in_k = 100, __cov_out_count = 0, __for_0___inline_4___cov_in_k_start = 0, __for_1___inline_4___cov_in_k_end = 1, __for_2___inline_4___cov_in_k = 100, __for_3___inline_15_i_start = 0, __for_4___inline_15_i_end = 1, __for_5___inline_15_i = 0, __for_6___inline_17_j_start = 0, __for_7___inline_17_j_end = 1, __for_8___inline_17_j = 0, __inline_12_pauseGuardOk = true, amount = 100, borrow_guard = 0x0000000000000000000000000000000000000000000000000000000000000000, borrow_scheme = 0x00, claim_tmpl_hash = 0xb9bde6f972f8a3f1dbb500acc69a380cbcfb4e9273d01052af99509632445283, claim_tmpl_prefix = [0x6b], claim_tmpl_suffix = [0x6c, 0x76, 0x04, 0xe4, 0x08, 0x8a, 0x55, 0x87, 0x63, 0x75, 0x53, 0x79, 0x82, 0x01, 0x20, 0x9d, 0x75, 0x52, 0x79, 0x82, 0x59, 0x9f, 0x69, 0x75, 0xb9, 0xcb, 0x52, 0x79, 0x52, 0x79, 0x78, 0x78, 0x58, 0x79, 0x58, 0x79, 0x78, 0x54, 0x79, 0x87, 0x69, 0x76, 0x53, 0x79, 0x9c, 0x69, 0x56, 0x79, 0x51, 0x9c, 0x69, 0xb9, 0x00, 0xcc, 0x01, 0x20, 0x5c, 0x79, 0x7e, 0x01, 0x08, 0x5c, 0x79, 0x58, 0xcd, 0x7e, 0x7e, 0xb9, 0x76, 0xc9, 0x02, 0xa7, 0x00, 0x94, 0x76, 0x51, 0x93, 0xbc, 0x7c, 0x7e, 0xb9, 0x76, 0xc9, 0x76, 0x01, 0xfc, 0x93, 0x7c, 0xbc, 0x7e, 0xaa, 0x02, 0x00, 0x00, 0x01, 0xaa, 0x7e, 0x01, 0x20, 0x7e, 0x7c, 0x7e, 0x01, 0x87, 0x7e, 0x78, 0xc3, 0x88, 0x75, 0x75, 0x75, 0x75, 0x75, 0x75, 0x75, 0x75, 0x75, 0x75, 0x75, 0x75, 0x51, 0x67, 0x6a, 0x68], extension_commitment = 0x0000000000000000000000000000000000000000000000000000000000000000, i = 0, init_amount = 100, init_borrow_guard = 0x0000000000000000000000000000000000000000000000000000000000000000, init_borrow_scheme = 0x00, init_extension_commitment = 0x0000000000000000000000000000000000000000000000000000000000000000, init_owner = 0x1111111111111111111111111111111111111111111111111111111111111111, init_owner_scheme = 0x04, j = 0, market_tmpl_suffix = [0xaa, 0xbb, 0xcc, 0xdd, 0xee], market_tmpl_suffix_len = 5, max_ins = 3, max_outs = 3, new_claims = [{winner_pk: 0x7777777777777777777777777777777777777777777777777777777777777777, amount: 500}], next_states = [{amount: 100, owner: 0x3e4b0775073c8af63b5ab26209e575d67c5bc11d91410bd858e6ebbb4eb80677, owner_scheme: 0x04, borrow_scheme: 0x00, borrow_guard: 0x0000000000000000000000000000000000000000000000000000000000000000, extension_commitment: 0x0000000000000000000000000000000000000000000000000000000000000000}], ok = true, owner = 0x1111111111111111111111111111111111111111111111111111111111111111, owner_input_idx = [1], owner_scheme = 0x04, prev_states = [{amount: 100, owner: 0x1111111111111111111111111111111111111111111111111111111111111111, owner_scheme: 0x04, borrow_scheme: 0x00, borrow_guard: 0x0000000000000000000000000000000000000000000000000000000000000000, extension_commitment: 0x0000000000000000000000000000000000000000000000000000000000000000}], recv_idx = [-1], sum_in = 0, sum_out = 0
           |
           ::: called from __covenant_policy_transferPolicy
           |
        63 |     function transferPolicy(State[] prev_states, State[] next_states, byte[] witness, int[] owner_input_idx, int[] recv_idx, ClaimState[] new_claims) {
        64 |         require(pauseGuardOk());   // §2.3 P3: 测试构建恒真, 不拦任何 transfer
           |                 ^^^^^^^^^^^^^^ in this call
           |   __cov_id = 0xaaaaaaaaaaaaaaaaaaaaaaaaaaaaaaaaaaaaaaaaaaaaaaaaaaaaaaaaaaaaaaaa, __cov_in_count = 1, __cov_in_k = 100, __cov_out_count = 0, __for_0___inline_4___cov_in_k_start = 0, __for_1___inline_4___cov_in_k_end = 1, __for_2___inline_4___cov_in_k = 100, __for_3___inline_15_i_start = 0, __for_4___inline_15_i_end = 1, __for_5___inline_15_i = 0, __for_6___inline_17_j_start = 0, __for_7___inline_17_j_end = 1, __for_8___inline_17_j = 0, __inline_12_pauseGuardOk = true, amount = 100, borrow_guard = 0x0000000000000000000000000000000000000000000000000000000000000000, borrow_scheme = 0x00, claim_tmpl_hash = 0xb9bde6f972f8a3f1dbb500acc69a380cbcfb4e9273d01052af99509632445283, claim_tmpl_prefix = [0x6b], claim_tmpl_suffix = [0x6c, 0x76, 0x04, 0xe4, 0x08, 0x8a, 0x55, 0x87, 0x63, 0x75, 0x53, 0x79, 0x82, 0x01, 0x20, 0x9d, 0x75, 0x52, 0x79, 0x82, 0x59, 0x9f, 0x69, 0x75, 0xb9, 0xcb, 0x52, 0x79, 0x52, 0x79, 0x78, 0x78, 0x58, 0x79, 0x58, 0x79, 0x78, 0x54, 0x79, 0x87, 0x69, 0x76, 0x53, 0x79, 0x9c, 0x69, 0x56, 0x79, 0x51, 0x9c, 0x69, 0xb9, 0x00, 0xcc, 0x01, 0x20, 0x5c, 0x79, 0x7e, 0x01, 0x08, 0x5c, 0x79, 0x58, 0xcd, 0x7e, 0x7e, 0xb9, 0x76, 0xc9, 0x02, 0xa7, 0x00, 0x94, 0x76, 0x51, 0x93, 0xbc, 0x7c, 0x7e, 0xb9, 0x76, 0xc9, 0x76, 0x01, 0xfc, 0x93, 0x7c, 0xbc, 0x7e, 0xaa, 0x02, 0x00, 0x00, 0x01, 0xaa, 0x7e, 0x01, 0x20, 0x7e, 0x7c, 0x7e, 0x01, 0x87, 0x7e, 0x78, 0xc3, 0x88, 0x75, 0x75, 0x75, 0x75, 0x75, 0x75, 0x75, 0x75, 0x75, 0x75, 0x75, 0x75, 0x51, 0x67, 0x6a, 0x68], extension_commitment = 0x0000000000000000000000000000000000000000000000000000000000000000, i = 0, init_amount = 100, init_borrow_guard = 0x0000000000000000000000000000000000000000000000000000000000000000, init_borrow_scheme = 0x00, init_extension_commitment = 0x0000000000000000000000000000000000000000000000000000000000000000, init_owner = 0x1111111111111111111111111111111111111111111111111111111111111111, init_owner_scheme = 0x04, j = 0, market_tmpl_suffix = [0xaa, 0xbb, 0xcc, 0xdd, 0xee], market_tmpl_suffix_len = 5, max_ins = 3, max_outs = 3, new_claims = [{winner_pk: 0x7777777777777777777777777777777777777777777777777777777777777777, amount: 500}], next_states = [{amount: 100, owner: 0x3e4b0775073c8af63b5ab26209e575d67c5bc11d91410bd858e6ebbb4eb80677, owner_scheme: 0x04, borrow_scheme: 0x00, borrow_guard: 0x0000000000000000000000000000000000000000000000000000000000000000, extension_commitment: 0x0000000000000000000000000000000000000000000000000000000000000000}], ok = true, owner = 0x1111111111111111111111111111111111111111111111111111111111111111, owner_input_idx = [1], owner_scheme = 0x04, prev_states = [{amount: 100, owner: 0x1111111111111111111111111111111111111111111111111111111111111111, owner_scheme: 0x04, borrow_scheme: 0x00, borrow_guard: 0x0000000000000000000000000000000000000000000000000000000000000000, extension_commitment: 0x0000000000000000000000000000000000000000000000000000000000000000}], recv_idx = [-1], sum_in = 0, sum_out = 0
           |
           ::: called from __covenant_policy_transferPolicy
           |
         1 | pragma silverscript ^0.1.0;
           | ^^^^^^^^^^^^^^^^^^^^^^^^^^^ in this call
           |   __cov_id = 0xaaaaaaaaaaaaaaaaaaaaaaaaaaaaaaaaaaaaaaaaaaaaaaaaaaaaaaaaaaaaaaaa, __cov_in_count = 1, __cov_in_k = 100, __cov_out_count = 0, __for_0___inline_4___cov_in_k_start = 0, __for_1___inline_4___cov_in_k_end = 1, __for_2___inline_4___cov_in_k = 100, __for_3___inline_15_i_start = 0, __for_4___inline_15_i_end = 1, __for_5___inline_15_i = 0, __inline_12_pauseGuardOk = true, amount = 100, borrow_guard = 0x0000000000000000000000000000000000000000000000000000000000000000, borrow_scheme = 0x00, claim_tmpl_hash = 0xb9bde6f972f8a3f1dbb500acc69a380cbcfb4e9273d01052af99509632445283, claim_tmpl_prefix = [0x6b], claim_tmpl_suffix = [0x6c, 0x76, 0x04, 0xe4, 0x08, 0x8a, 0x55, 0x87, 0x63, 0x75, 0x53, 0x79, 0x82, 0x01, 0x20, 0x9d, 0x75, 0x52, 0x79, 0x82, 0x59, 0x9f, 0x69, 0x75, 0xb9, 0xcb, 0x52, 0x79, 0x52, 0x79, 0x78, 0x78, 0x58, 0x79, 0x58, 0x79, 0x78, 0x54, 0x79, 0x87, 0x69, 0x76, 0x53, 0x79, 0x9c, 0x69, 0x56, 0x79, 0x51, 0x9c, 0x69, 0xb9, 0x00, 0xcc, 0x01, 0x20, 0x5c, 0x79, 0x7e, 0x01, 0x08, 0x5c, 0x79, 0x58, 0xcd, 0x7e, 0x7e, 0xb9, 0x76, 0xc9, 0x02, 0xa7, 0x00, 0x94, 0x76, 0x51, 0x93, 0xbc, 0x7c, 0x7e, 0xb9, 0x76, 0xc9, 0x76, 0x01, 0xfc, 0x93, 0x7c, 0xbc, 0x7e, 0xaa, 0x02, 0x00, 0x00, 0x01, 0xaa, 0x7e, 0x01, 0x20, 0x7e, 0x7c, 0x7e, 0x01, 0x87, 0x7e, 0x78, 0xc3, 0x88, 0x75, 0x75, 0x75, 0x75, 0x75, 0x75, 0x75, 0x75, 0x75, 0x75, 0x75, 0x75, 0x51, 0x67, 0x6a, 0x68], extension_commitment = 0x0000000000000000000000000000000000000000000000000000000000000000, i = 0, init_amount = 100, init_borrow_guard = 0x0000000000000000000000000000000000000000000000000000000000000000, init_borrow_scheme = 0x00, init_extension_commitment = 0x0000000000000000000000000000000000000000000000000000000000000000, init_owner = 0x1111111111111111111111111111111111111111111111111111111111111111, init_owner_scheme = 0x04, market_tmpl_suffix = [0xaa, 0xbb, 0xcc, 0xdd, 0xee], market_tmpl_suffix_len = 5, max_ins = 3, max_outs = 3, new_claims = [{winner_pk: 0x7777777777777777777777777777777777777777777777777777777777777777, amount: 500}], next_states = [{amount: 100, owner: 0x3e4b0775073c8af63b5ab26209e575d67c5bc11d91410bd858e6ebbb4eb80677, owner_scheme: 0x04, borrow_scheme: 0x00, borrow_guard: 0x0000000000000000000000000000000000000000000000000000000000000000, extension_commitment: 0x0000000000000000000000000000000000000000000000000000000000000000}], ok = true, owner = 0x1111111111111111111111111111111111111111111111111111111111111111, owner_input_idx = [1], owner_scheme = 0x04, prev_states = [{amount: 100, owner: 0x1111111111111111111111111111111111111111111111111111111111111111, owner_scheme: 0x04, borrow_scheme: 0x00, borrow_guard: 0x0000000000000000000000000000000000000000000000000000000000000000, extension_commitment: 0x0000000000000000000000000000000000000000000000000000000000000000}], recv_idx = [-1], sum_in = 0, witness = <unavailable: depends on inlined function call internals>
           |
           ::: called from __covenant_policy_transferPolicy
           |
         1 | pragma silverscript ^0.1.0;
           | ^^^^^^^^^^^^^^^^^^^^^^^^^^^ in this call
           |   __cov_id = 0xaaaaaaaaaaaaaaaaaaaaaaaaaaaaaaaaaaaaaaaaaaaaaaaaaaaaaaaaaaaaaaaa, __cov_in_count = 1, __cov_in_k = 100, __cov_out_count = 0, __for_0___inline_4___cov_in_k_start = 0, __for_1___inline_4___cov_in_k_end = 1, __for_2___inline_4___cov_in_k = 100, __for_3___inline_15_i_start = 0, __for_4___inline_15_i_end = 1, __for_5___inline_15_i = 0, __inline_12_pauseGuardOk = true, amount = 100, borrow_guard = 0x0000000000000000000000000000000000000000000000000000000000000000, borrow_scheme = 0x00, claim_tmpl_hash = 0xb9bde6f972f8a3f1dbb500acc69a380cbcfb4e9273d01052af99509632445283, claim_tmpl_prefix = [0x6b], claim_tmpl_suffix = [0x6c, 0x76, 0x04, 0xe4, 0x08, 0x8a, 0x55, 0x87, 0x63, 0x75, 0x53, 0x79, 0x82, 0x01, 0x20, 0x9d, 0x75, 0x52, 0x79, 0x82, 0x59, 0x9f, 0x69, 0x75, 0xb9, 0xcb, 0x52, 0x79, 0x52, 0x79, 0x78, 0x78, 0x58, 0x79, 0x58, 0x79, 0x78, 0x54, 0x79, 0x87, 0x69, 0x76, 0x53, 0x79, 0x9c, 0x69, 0x56, 0x79, 0x51, 0x9c, 0x69, 0xb9, 0x00, 0xcc, 0x01, 0x20, 0x5c, 0x79, 0x7e, 0x01, 0x08, 0x5c, 0x79, 0x58, 0xcd, 0x7e, 0x7e, 0xb9, 0x76, 0xc9, 0x02, 0xa7, 0x00, 0x94, 0x76, 0x51, 0x93, 0xbc, 0x7c, 0x7e, 0xb9, 0x76, 0xc9, 0x76, 0x01, 0xfc, 0x93, 0x7c, 0xbc, 0x7e, 0xaa, 0x02, 0x00, 0x00, 0x01, 0xaa, 0x7e, 0x01, 0x20, 0x7e, 0x7c, 0x7e, 0x01, 0x87, 0x7e, 0x78, 0xc3, 0x88, 0x75, 0x75, 0x75, 0x75, 0x75, 0x75, 0x75, 0x75, 0x75, 0x75, 0x75, 0x75, 0x51, 0x67, 0x6a, 0x68], extension_commitment = 0x0000000000000000000000000000000000000000000000000000000000000000, i = 0, init_amount = 100, init_borrow_guard = 0x0000000000000000000000000000000000000000000000000000000000000000, init_borrow_scheme = 0x00, init_extension_commitment = 0x0000000000000000000000000000000000000000000000000000000000000000, init_owner = 0x1111111111111111111111111111111111111111111111111111111111111111, init_owner_scheme = 0x04, market_tmpl_suffix = [0xaa, 0xbb, 0xcc, 0xdd, 0xee], market_tmpl_suffix_len = 5, max_ins = 3, max_outs = 3, new_claims = [{winner_pk: 0x7777777777777777777777777777777777777777777777777777777777777777, amount: 500}], next_states = [{amount: 100, owner: 0x3e4b0775073c8af63b5ab26209e575d67c5bc11d91410bd858e6ebbb4eb80677, owner_scheme: 0x04, borrow_scheme: 0x00, borrow_guard: 0x0000000000000000000000000000000000000000000000000000000000000000, extension_commitment: 0x0000000000000000000000000000000000000000000000000000000000000000}], ok = true, owner = 0x1111111111111111111111111111111111111111111111111111111111111111, owner_input_idx = [1], owner_scheme = 0x04, prev_states = [{amount: 100, owner: 0x1111111111111111111111111111111111111111111111111111111111111111, owner_scheme: 0x04, borrow_scheme: 0x00, borrow_guard: 0x0000000000000000000000000000000000000000000000000000000000000000, extension_commitment: 0x0000000000000000000000000000000000000000000000000000000000000000}], recv_idx = [-1], sum_in = 0, witness = <unavailable: depends on inlined function call internals>
           |
           ::: called from __covenant_policy_transferPolicy
           |
         1 | pragma silverscript ^0.1.0;
           | ^^^^^^^^^^^^^^^^^^^^^^^^^^^ in this call
           |   __cov_id = 0xaaaaaaaaaaaaaaaaaaaaaaaaaaaaaaaaaaaaaaaaaaaaaaaaaaaaaaaaaaaaaaaa, __cov_in_count = 1, __cov_in_k = 100, __cov_out_count = 0, __for_0___inline_4___cov_in_k_start = 0, __for_1___inline_4___cov_in_k_end = 1, __for_2___inline_4___cov_in_k = 100, __for_3___inline_15_i_start = 0, __for_4___inline_15_i_end = 1, __for_5___inline_15_i = 0, __inline_12_pauseGuardOk = true, amount = 100, borrow_guard = 0x0000000000000000000000000000000000000000000000000000000000000000, borrow_scheme = 0x00, claim_tmpl_hash = 0xb9bde6f972f8a3f1dbb500acc69a380cbcfb4e9273d01052af99509632445283, claim_tmpl_prefix = [0x6b], claim_tmpl_suffix = [0x6c, 0x76, 0x04, 0xe4, 0x08, 0x8a, 0x55, 0x87, 0x63, 0x75, 0x53, 0x79, 0x82, 0x01, 0x20, 0x9d, 0x75, 0x52, 0x79, 0x82, 0x59, 0x9f, 0x69, 0x75, 0xb9, 0xcb, 0x52, 0x79, 0x52, 0x79, 0x78, 0x78, 0x58, 0x79, 0x58, 0x79, 0x78, 0x54, 0x79, 0x87, 0x69, 0x76, 0x53, 0x79, 0x9c, 0x69, 0x56, 0x79, 0x51, 0x9c, 0x69, 0xb9, 0x00, 0xcc, 0x01, 0x20, 0x5c, 0x79, 0x7e, 0x01, 0x08, 0x5c, 0x79, 0x58, 0xcd, 0x7e, 0x7e, 0xb9, 0x76, 0xc9, 0x02, 0xa7, 0x00, 0x94, 0x76, 0x51, 0x93, 0xbc, 0x7c, 0x7e, 0xb9, 0x76, 0xc9, 0x76, 0x01, 0xfc, 0x93, 0x7c, 0xbc, 0x7e, 0xaa, 0x02, 0x00, 0x00, 0x01, 0xaa, 0x7e, 0x01, 0x20, 0x7e, 0x7c, 0x7e, 0x01, 0x87, 0x7e, 0x78, 0xc3, 0x88, 0x75, 0x75, 0x75, 0x75, 0x75, 0x75, 0x75, 0x75, 0x75, 0x75, 0x75, 0x75, 0x51, 0x67, 0x6a, 0x68], extension_commitment = 0x0000000000000000000000000000000000000000000000000000000000000000, i = 0, init_amount = 100, init_borrow_guard = 0x0000000000000000000000000000000000000000000000000000000000000000, init_borrow_scheme = 0x00, init_extension_commitment = 0x0000000000000000000000000000000000000000000000000000000000000000, init_owner = 0x1111111111111111111111111111111111111111111111111111111111111111, init_owner_scheme = 0x04, market_tmpl_suffix = [0xaa, 0xbb, 0xcc, 0xdd, 0xee], market_tmpl_suffix_len = 5, max_ins = 3, max_outs = 3, new_claims = [{winner_pk: 0x7777777777777777777777777777777777777777777777777777777777777777, amount: 500}], next_states = [{amount: 100, owner: 0x3e4b0775073c8af63b5ab26209e575d67c5bc11d91410bd858e6ebbb4eb80677, owner_scheme: 0x04, borrow_scheme: 0x00, borrow_guard: 0x0000000000000000000000000000000000000000000000000000000000000000, extension_commitment: 0x0000000000000000000000000000000000000000000000000000000000000000}], ok = true, owner = 0x1111111111111111111111111111111111111111111111111111111111111111, owner_input_idx = [1], owner_scheme = 0x04, prev_states = [{amount: 100, owner: 0x1111111111111111111111111111111111111111111111111111111111111111, owner_scheme: 0x04, borrow_scheme: 0x00, borrow_guard: 0x0000000000000000000000000000000000000000000000000000000000000000, extension_commitment: 0x0000000000000000000000000000000000000000000000000000000000000000}], recv_idx = [-1], sum_in = 0
           |
        
        Error: "FAIL"
  RUN   V-T-7_fail_bout_template_mismatch
  PASS  V-T-7_fail_bout_template_mismatch
  RUN   V-T-8_fail_nwt_self_built_trivial_covenant
  PASS  V-T-8_fail_nwt_self_built_trivial_covenant
  RUN   V-T-9a_fail_borrow_scheme_enabled
  PASS  V-T-9a_fail_borrow_scheme_enabled
  RUN   V-T-9b_fail_witness_nonempty
  PASS  V-T-9b_fail_witness_nonempty
  RUN   V-T-10_fail_extension_commitment_nonzero
  PASS  V-T-10_fail_extension_commitment_nonzero
  RUN   V-T-11a_pass_multi_instance_covA
  PASS  V-T-11a_pass_multi_instance_covA
  RUN   V-T-11b_pass_multi_instance_covB_second_run
  PASS  V-T-11b_pass_multi_instance_covB_second_run
  RUN   V-H2-1_fail_mint_issuer_always_rejects_in_test_build
  PASS  V-H2-1_fail_mint_issuer_always_rejects_in_test_build
  RUN   V-harness_flip_of_V-T-1_expect_fail
  FAIL  V-harness_flip_of_V-T-1_expect_fail
        FAIL: expected failure but bytecode passed
        Error: "FAIL"

15 tests: 13 passed, 2 failed
Error: "some tests failed"
