providerAddr=kaspasim:qrts30wlzvca0u5flhfktlke9n5mz69s3f3xe5q3kegwj63de8enc9scztsya
brokerAddr=kaspasim:qpucgqp4twtpf3w9g9peuvl0zjsayc8nvnngpsy0ycyddw3s62w5kyfw5n42u
channel1Addr=kaspasim:qrvh6h480fdjxmfjcd033u0hhpz547zpamy9mjrwvcnslk9xs5rnuczgz0jsc
余额(分账前): provider=84.5 broker=0 channel_1=0
quote minted (base64 len=1404)
checkout URL: http://127.0.0.1:8991/checkout.html?q=eyJzY2hlbWFfdiI6MSwicXVvdGVfaWQiOiJxM3dheS0xNzkwNTc3ODUwOTc4LTIzOTEwNCIsIm1lcmNoYW50X3B1YmtleV9oZXgiOiIwM2Q3MDhi...
PASS kaspa-wasm 加载+sha256核对通过
PASS 渠道地址已解析(裸ch=路径, 无签名链背书——就是事故那条路径)
PASS 订单地址推导成功
PASS 订单角色表里真实列出 channel_1(不是被 fold 掉——事故的直接反面)
PASS 订单角色表里真实列出 broker
orderAddress=kaspasim:pz2qvg9l2ru5yz9glxs80w7w3eqqw4q9fhwtn3sjgtetjzwxpqhazrygx44t6
orderInfo 原文(供 provenance 存档):
订单(浏览器原生推导·真 silverc 编译器, 零网络请求)
        收款地址kaspasim:pz2qvg9l2ru5yz9glxs80w7w3eqqw4q9fhwtn3sjgtetjzwxpqhazrygx44t6
        应付总额10 KAS
        截止时间2026-10-01T06:44:11.476Z
      角色金额provider7.0000 KASbroker0.5000 KASchannel_12.5000 KAS
      
        扫码付款(任意 Kaspa 钱包扫描——本页从不持有/传输私钥, 只编码下面这个公开地址+金额)
        
        付款链接(不支持扫码的钱包可手动复制)：kaspasim:pz2qvg9l2ru5yz9glxs80w7w3eqqw4q9fhwtn3sjgtetjzwxpqhazrygx44t6?amount=10
        复制
      
      
monitorInfo 最终原文(供 provenance 存档):
订单状态监控(连 ws://127.0.0.1:29935)✓ 订单已完成——收款地址资金已离开(分账或退款已被节点接受)
PASS 浏览器分账广播完成("订单已完成")
PASS 页面全程零 console/page 错误
余额(分账后): provider=91.5 broker=0.5 channel_1=2.5
PASS provider 到账 ≈7.0 KAS(70%)
PASS broker 到账 ≈0.5 KAS(5%)——broker 是独立角色, 不是渠道, 一直都该收到
PASS 🔴 channel_1 真实到账 ≈2.5 KAS(25%)——这就是主网事故里没发生、现在真实发生了的那件事

=== 三方分账真实 simnet E2E(worktree=_j2_wt_checkout_spks, 已修 channelSpks bug): 10 PASS / 0 FAIL ===
