=== shapeY: held group declares 0 continuation outputs (active_input_index=0) ===
PASS

=== shapeY: stake group declares 0 continuation outputs (active_input_index=1) ===
PASS

=== shapeX (negative control): merge stake into held via CovenantBinding to held's covenant_id ===
error: script ran, but verification failed
    --> 109:9
    |
108 |         // 两半合起来等价旧的 sum_in==sum_out——NWT ledger 1121 机制 PASS, 等价性条件式(T3 逐条落码后方兑现)。
109 |         require(sum_in >= sum_out);
    |         ^^^^^^^^^^^^^^^^^^^^^^^^^^^ verification failed here
    |   __cov_id = 0x1111111111111111111111111111111111111111111111111111111111111111, __cov_in_count = 1, __cov_in_k = 100, __cov_out_count = 1, __for_0___inline_4___cov_in_k_start = 0, __for_1___inline_4___cov_in_k_end = 1, __for_2___inline_4___cov_in_k = 200, __for_3___inline_13_i_start = 0, __for_4___inline_13_i_end = 1, __for_5___inline_13_i = 0, __inline_10_pauseGuardOk = true, amount = 100, borrow_guard = 0x0000000000000000000000000000000000000000000000000000000000000000, borrow_scheme = 0x00, extension_commitment = 0x0000000000000000000000000000000000000000000000000000000000000000, i = 0, init_amount = 100, init_borrow_guard = 0x0000000000000000000000000000000000000000000000000000000000000000, init_borrow_scheme = 0x00, init_extension_commitment = 0x0000000000000000000000000000000000000000000000000000000000000000, init_owner = 0x0000000000000000000000000000000000000000000000000000000000000000, init_owner_scheme = 0x04, j = <unavailable: negative stack index>, max_ins = 3, max_outs = 3, next_states = [{amount: 200, owner: 0x1111111111111111111111111111111111111111111111111111111111111111, owner_scheme: 0x04, borrow_scheme: 0x00, borrow_guard: 0x0000000000000000000000000000000000000000000000000000000000000000, extension_commitment: 0x0000000000000000000000000000000000000000000000000000000000000000}], ok = true, owner = 0x1111111111111111111111111111111111111111111111111111111111111111, owner_input_idx = [0], owner_scheme = 0x04, prev_states = [{amount: 100, owner: 0x1111111111111111111111111111111111111111111111111111111111111111, owner_scheme: 0x04, borrow_scheme: 0x00, borrow_guard: 0x0000000000000000000000000000000000000000000000000000000000000000, extension_commitment: 0x0000000000000000000000000000000000000000000000000000000000000000}], sum_in = 0, sum_out = 200, witness = <unavailable: negative stack index>
    |
    ::: called from __covenant_policy_transferPolicy
    |
  1 | pragma silverscript ^0.1.0;
    | ^^^^^^^^^^^^^^^^^^^^^^^^^^^ in this call
    |   __cov_id = 0x1111111111111111111111111111111111111111111111111111111111111111, __cov_in_count = 1, __cov_in_k = 100, __cov_out_count = 1, __for_0___inline_4___cov_in_k_start = 0, __for_1___inline_4___cov_in_k_end = 1, __for_2___inline_4___cov_in_k = 200, __for_3___inline_13_i_start = 0, __for_4___inline_13_i_end = 1, __for_5___inline_13_i = 0, __inline_10_pauseGuardOk = true, amount = 100, borrow_guard = 0x0000000000000000000000000000000000000000000000000000000000000000, borrow_scheme = 0x00, extension_commitment = 0x0000000000000000000000000000000000000000000000000000000000000000, i = 0, init_amount = 100, init_borrow_guard = 0x0000000000000000000000000000000000000000000000000000000000000000, init_borrow_scheme = 0x00, init_extension_commitment = 0x0000000000000000000000000000000000000000000000000000000000000000, init_owner = 0x0000000000000000000000000000000000000000000000000000000000000000, init_owner_scheme = 0x04, max_ins = 3, max_outs = 3, next_states = [{amount: 200, owner: 0x1111111111111111111111111111111111111111111111111111111111111111, owner_scheme: 0x04, borrow_scheme: 0x00, borrow_guard: 0x0000000000000000000000000000000000000000000000000000000000000000, extension_commitment: 0x0000000000000000000000000000000000000000000000000000000000000000}], ok = true, owner = 0x1111111111111111111111111111111111111111111111111111111111111111, owner_input_idx = [0], owner_scheme = 0x04, prev_states = [{amount: 100, owner: 0x1111111111111111111111111111111111111111111111111111111111111111, owner_scheme: 0x04, borrow_scheme: 0x00, borrow_guard: 0x0000000000000000000000000000000000000000000000000000000000000000, extension_commitment: 0x0000000000000000000000000000000000000000000000000000000000000000}], sum_in = 0, witness = <unavailable: depends on inlined function call internals>
    |
    ::: called from __covenant_policy_transferPolicy
    |
  1 | pragma silverscript ^0.1.0;
    | ^^^^^^^^^^^^^^^^^^^^^^^^^^^ in this call
    |   __cov_id = 0x1111111111111111111111111111111111111111111111111111111111111111, __cov_in_count = 1, __cov_in_k = 100, __cov_out_count = 1, __for_0___inline_4___cov_in_k_start = 0, __for_1___inline_4___cov_in_k_end = 1, __for_2___inline_4___cov_in_k = 200, __for_3___inline_13_i_start = 0, __for_4___inline_13_i_end = 1, __for_5___inline_13_i = 0, __inline_10_pauseGuardOk = true, amount = 100, borrow_guard = 0x0000000000000000000000000000000000000000000000000000000000000000, borrow_scheme = 0x00, extension_commitment = 0x0000000000000000000000000000000000000000000000000000000000000000, i = 0, init_amount = 100, init_borrow_guard = 0x0000000000000000000000000000000000000000000000000000000000000000, init_borrow_scheme = 0x00, init_extension_commitment = 0x0000000000000000000000000000000000000000000000000000000000000000, init_owner = 0x0000000000000000000000000000000000000000000000000000000000000000, init_owner_scheme = 0x04, max_ins = 3, max_outs = 3, next_states = [{amount: 200, owner: 0x1111111111111111111111111111111111111111111111111111111111111111, owner_scheme: 0x04, borrow_scheme: 0x00, borrow_guard: 0x0000000000000000000000000000000000000000000000000000000000000000, extension_commitment: 0x0000000000000000000000000000000000000000000000000000000000000000}], ok = true, owner = 0x1111111111111111111111111111111111111111111111111111111111111111, owner_input_idx = [0], owner_scheme = 0x04, prev_states = [{amount: 100, owner: 0x1111111111111111111111111111111111111111111111111111111111111111, owner_scheme: 0x04, borrow_scheme: 0x00, borrow_guard: 0x0000000000000000000000000000000000000000000000000000000000000000, extension_commitment: 0x0000000000000000000000000000000000000000000000000000000000000000}], sum_in = 0, witness = <unavailable: depends on inlined function call internals>
    |
    ::: called from __covenant_policy_transferPolicy
    |
  1 | pragma silverscript ^0.1.0;
    | ^^^^^^^^^^^^^^^^^^^^^^^^^^^ in this call
    |   __cov_id = 0x1111111111111111111111111111111111111111111111111111111111111111, __cov_in_count = 1, __cov_in_k = 100, __cov_out_count = 1, __for_0___inline_4___cov_in_k_start = 0, __for_1___inline_4___cov_in_k_end = 1, __for_2___inline_4___cov_in_k = 200, __for_3___inline_13_i_start = 0, __for_4___inline_13_i_end = 1, __for_5___inline_13_i = 0, __inline_10_pauseGuardOk = true, amount = 100, borrow_guard = 0x0000000000000000000000000000000000000000000000000000000000000000, borrow_scheme = 0x00, extension_commitment = 0x0000000000000000000000000000000000000000000000000000000000000000, i = 0, init_amount = 100, init_borrow_guard = 0x0000000000000000000000000000000000000000000000000000000000000000, init_borrow_scheme = 0x00, init_extension_commitment = 0x0000000000000000000000000000000000000000000000000000000000000000, init_owner = 0x0000000000000000000000000000000000000000000000000000000000000000, init_owner_scheme = 0x04, max_ins = 3, max_outs = 3, next_states = [{amount: 200, owner: 0x1111111111111111111111111111111111111111111111111111111111111111, owner_scheme: 0x04, borrow_scheme: 0x00, borrow_guard: 0x0000000000000000000000000000000000000000000000000000000000000000, extension_commitment: 0x0000000000000000000000000000000000000000000000000000000000000000}], ok = true, owner = 0x1111111111111111111111111111111111111111111111111111111111111111, owner_input_idx = [0], owner_scheme = 0x04, prev_states = [{amount: 100, owner: 0x1111111111111111111111111111111111111111111111111111111111111111, owner_scheme: 0x04, borrow_scheme: 0x00, borrow_guard: 0x0000000000000000000000000000000000000000000000000000000000000000, extension_commitment: 0x0000000000000000000000000000000000000000000000000000000000000000}], sum_in = 0
    |

Error: "FAIL"
