=== RootClaim.claim_draw 真实action witness(现实尺寸) cli-debugger审计(账本1473 Step-0) ===

--- full_no_continuation --- wrote C:\Users\ADMIN\AppData\Local\Temp\j2-rootclaim-claimdraw-w0g4Gv\RootClaim.full_no_continuation.test.json
✅ PASS

--- partial_correct_offset --- wrote C:\Users\ADMIN\AppData\Local\Temp\j2-rootclaim-claimdraw-f1OuHU\RootClaim.partial_correct_offset.test.json
error: script ran, but verification failed
    --> 198:13

Error: "FAIL"
❌ FAIL
error: script ran, but verification failed
    --> 198:13

Error: "FAIL"
Command failed: D:/silverscript/versioned-builds/cli-debugger-v100-3ed9733.exe D:/kanet-tn12/scratch/_j2_wt_proto_v0/kasia-console/src/lib/RootClaim.sil --run --test-name AUDIT_claim_draw_partial_correct_offset --test-file C:\Users\ADMIN\AppData\Local\Temp\j2-rootclaim-claimdraw-f1OuHU\RootClaim.partial_correct_offset.test.json
error: script ran, but verification failed
    --> 198:13

Error: "FAIL"


--- partial_buggy_offset --- wrote C:\Users\ADMIN\AppData\Local\Temp\j2-rootclaim-claimdraw-EHEOE1\RootClaim.partial_buggy_offset.test.json
error: script ran, but verification failed
    --> 198:13

Error: "FAIL"
❌ FAIL
error: script ran, but verification failed
    --> 198:13

Error: "FAIL"
Command failed: D:/silverscript/versioned-builds/cli-debugger-v100-3ed9733.exe D:/kanet-tn12/scratch/_j2_wt_proto_v0/kasia-console/src/lib/RootClaim.sil --run --test-name AUDIT_claim_draw_partial_buggy_offset --test-file C:\Users\ADMIN\AppData\Local\Temp\j2-rootclaim-claimdraw-EHEOE1\RootClaim.partial_buggy_offset.test.json
error: script ran, but verification failed
    --> 198:13

Error: "FAIL"


=== 结论 ===
① full(无自续约, 不触碰self-splice代码): PASS(符合预期——不经过bug代码路径)
② partial, 诚实backend"正确offset"(相对sigScript末尾, 同register_append已修复手法)构造: FAIL(符合1468同类bug预期: 合约内部用ownSig.slice(0,...)从字节0切, 拒绝了诚实backend自然会产出的续约输出)
③ partial, 复刻合约自己的"bug offset"(从完整sigScript字节0切)构造: FAIL(意外——若②③都FAIL需要重新检查fixture本身是否有其它构造错误)
