[db] path=D:\kanet-tn12\scratch\_j2_tok_sim\console.simnet.db source=DB_PATH
18:29:51 deadline passed; shards: [{"shard_index":0,"status":"sealed","current_leaf_state":"{\"local_yes\":1000000000,\"local_no\":2000000000,\"count\":2,\"pool_value\":3000000000}","current_token_outpoint":"bb1552286d6fdc88fa3dd10089b20d324a0e8fbb8e51f97bc8ae0792484ee3f6:2","leaf_cov_id":"447618b1989bdc585f6b1d419126cf002925133f94536b9fe58d339a9e9c4ab5"},{"shard_index":1,"status":"open","current_leaf_state":"{\"local_yes\":500000000,\"local_no\":0,\"count\":1,\"pool_value\":500000000}","current_token_outpoint":"d25012dd7d244e855c89581c4cb3b187de3afdad750061430b080bc46e4d3030:2","leaf_cov_id":"6a35171456198148af99845104642d5679c2c3d961893c9f4d8e6472c3cecb1a"}]
[diag:step] proc.silverc.compile.bshard-artifacts ms=54 cmd=silverc ok=1 at=2026-10-03T18:29:51.206Z
18:29:51 NEG N1_mint_one_extra: REJECTED ✓ {"status":200,"ok":true,"error":"RPC Server (remote error) -> Rejected transaction c42d589839444ef3aebb194a93222ad1e82db9cbceb33f802febc01aaeb2148a: failed to verify the signature script: script ran, but verification failed","phase":"execution"}
18:29:51 NEG N2_wrong_owner: REJECTED ✓ {"status":200,"ok":true,"error":"RPC Server (remote error) -> Rejected transaction 7e90fcb7b8602b006cce45d61935ceda97bbac62e509fc9046634a38bf6308bc: failed to verify the signature script: script ran, but verification failed","phase":"execution"}
18:29:51 shard0 leaf UTXO still present after negatives: true [ 'bb1552286d' ]
18:29:52 P1 (crash after shard0): {"status":200,"ok":true,"error":"RPC Server (remote error) -> Rejected transaction 400d456d7215898148df22c84a364fccb5c0565bc21a1ba9bd7a6dda7b525bd5: failed to verify the signature script: script ran, but verification failed","phase":"execution"}
18:29:52 DB payout_ps_outpoint still genesis (stale)? true
file:///D:/kanet-tn12/scratch/_j2_wt_tokenize/docs/provenance/2026-10-04-j2-settle-tokenize-seg1/seg1_consolidate.mjs:24
const rcRaw = async (cmd) => { if (process.env.SEG1_FORCE_LOCK0) cmd.lock_time = Number(process.env.SEG1_FORCE_LOCK0) - 1; const j = await http('POST', `/api/relay/${settler.id}/send-command`, cmd); if (j.ok === false || j.error) { const e = new Error(JSON.stringify(j).slice(0, 700)); e.raw = j; throw e; } return j; };
                                                                                                                                                                                                                                                  ^

Error: {"status":200,"ok":true,"error":"RPC Server (remote error) -> Rejected transaction 62911c3e2a837d8ffdea163727bf9bb2f30bfdb15113d9fa02f6cb875d6918ca: failed to verify the signature script: script ran, but verification failed","phase":"execution"}
    at rcRaw (file:///D:/kanet-tn12/scratch/_j2_wt_tokenize/docs/provenance/2026-10-04-j2-settle-tokenize-seg1/seg1_consolidate.mjs:24:243)
    at process.processTicksAndRejections (node:internal/process/task_queues:104:5)
    at async consolidateAllShards (file:///D:/kanet-tn12/scratch/_j2_wt_tokenize/kasia-console/src/lib/pool-shard-settle.mjs:463:12)
    at async file:///D:/kanet-tn12/scratch/_j2_wt_tokenize/docs/provenance/2026-10-04-j2-settle-tokenize-seg1/seg1_consolidate.mjs:70:13 {
  raw: {
    status: 200,
    ok: true,
    error: 'RPC Server (remote error) -> Rejected transaction 62911c3e2a837d8ffdea163727bf9bb2f30bfdb15113d9fa02f6cb875d6918ca: failed to verify the signature script: script ran, but verification failed',
    phase: 'execution'
  }
}

Node.js v24.14.1
