BUILD SCRIPT start 2026-09-04T19:00:04Z rustc=rustc 1.96.1 (31fca3adb 2026-06-26) cargo=cargo 1.96.1 (356927216 2026-06-26)
=== [da] cargo fetch start 2026-09-04T19:00:04Z head=1b3046fb
=== [da] fetch rc=0 2026-09-04T19:00:05Z
=== [da] build start 2026-09-04T19:00:05Z
   Compiling kaspa-utils v1.1.1-toc.1 (D:\rusty-kaspa-da\utils)
   Compiling librocksdb-sys v0.17.3+10.4.2
   Compiling kaspa-hashes v1.1.1-toc.1 (D:\rusty-kaspa-da\crypto\hashes)
   Compiling kaspa-math v1.1.1-toc.1 (D:\rusty-kaspa-da\math)
   Compiling kaspa-merkle v1.1.1-toc.1 (D:\rusty-kaspa-da\crypto\merkle)
   Compiling kaspa-smt v1.1.1-toc.1 (D:\rusty-kaspa-da\crypto\smt)
   Compiling kaspa-muhash v1.1.1-toc.1 (D:\rusty-kaspa-da\crypto\muhash)
   Compiling kaspa-txscript-errors v1.1.1-toc.1 (D:\rusty-kaspa-da\crypto\txscript\errors)
   Compiling kaspa-consensus-core v1.1.1-toc.1 (D:\rusty-kaspa-da\consensus\core)
   Compiling kaspa-seq-commit v1.1.1-toc.1 (D:\rusty-kaspa-da\consensus\seq-commit)
   Compiling kaspa-txscript v1.1.1-toc.1 (D:\rusty-kaspa-da\crypto\txscript)
   Compiling kaspa-mining-errors v1.1.1-toc.1 (D:\rusty-kaspa-da\mining\errors)
   Compiling kaspa-p2p-lib v1.1.1-toc.1 (D:\rusty-kaspa-da\protocol\p2p)
   Compiling kaspa-notify v1.1.1-toc.1 (D:\rusty-kaspa-da\notify)
   Compiling kaspa-consensus-notify v1.1.1-toc.1 (D:\rusty-kaspa-da\consensus\notify)
   Compiling kaspa-consensusmanager v1.1.1-toc.1 (D:\rusty-kaspa-da\components\consensusmanager)
   Compiling kaspa-consensus-client v1.1.1-toc.1 (D:\rusty-kaspa-da\consensus\client)
   Compiling kaspa-index-core v1.1.1-toc.1 (D:\rusty-kaspa-da\indexes\core)
   Compiling kaspa-mining v1.1.1-toc.1 (D:\rusty-kaspa-da\mining)
   Compiling kaspa-p2p-mining v1.1.1-toc.1 (D:\rusty-kaspa-da\protocol\mining)
   Compiling kaspa-consensus-wasm v1.1.1-toc.1 (D:\rusty-kaspa-da\consensus\wasm)
   Compiling kaspa-rpc-core v1.1.1-toc.1 (D:\rusty-kaspa-da\rpc\core)
   Compiling kaspa-pow v1.1.1-toc.1 (D:\rusty-kaspa-da\consensus\pow)
   Compiling kaspa-grpc-core v1.1.1-toc.1 (D:\rusty-kaspa-da\rpc\grpc\core)
   Compiling kaspa-grpc-client v1.1.1-toc.1 (D:\rusty-kaspa-da\rpc\grpc\client)
   Compiling rocksdb v0.24.0
   Compiling kaspa-database v1.1.1-toc.1 (D:\rusty-kaspa-da\database)
   Compiling kaspa-addressmanager v1.1.1-toc.1 (D:\rusty-kaspa-da\components\addressmanager)
   Compiling kaspa-utxoindex v1.1.1-toc.1 (D:\rusty-kaspa-da\indexes\utxoindex)
   Compiling kaspa-smt-store v1.1.1-toc.1 (D:\rusty-kaspa-da\consensus\smt-store)
   Compiling kaspa-index-processor v1.1.1-toc.1 (D:\rusty-kaspa-da\indexes\processor)
   Compiling kaspa-consensus v1.1.1-toc.1 (D:\rusty-kaspa-da\consensus)
   Compiling kaspa-connectionmanager v1.1.1-toc.1 (D:\rusty-kaspa-da\components\connectionmanager)
   Compiling kaspa-p2p-flows v1.1.1-toc.1 (D:\rusty-kaspa-da\protocol\flows)
   Compiling kaspa-rpc-service v1.1.1-toc.1 (D:\rusty-kaspa-da\rpc\service)
   Compiling kaspa-grpc-server v1.1.1-toc.1 (D:\rusty-kaspa-da\rpc\grpc\server)
   Compiling kaspa-wrpc-server v1.1.1-toc.1 (D:\rusty-kaspa-da\rpc\wrpc\server)
   Compiling kaspad v1.1.1-toc.1 (D:\rusty-kaspa-da\kaspad)
    Finished `release` profile [optimized] target(s) in 2m 20s
=== [da] build rc=0 end 2026-09-04T19:02:26Z
=== [da] exe size=40203776 sha256=b73f14157ba5e33218e757c265104cd54d226d70f0f4e87ab41b025621d5534a
=== [da] version: kaspad 1.1.1-toc.1  
=== [ctl] cargo fetch start 2026-09-04T19:02:26Z head=7b1e18cc
=== [ctl] fetch rc=0 2026-09-04T19:02:27Z
=== [ctl] build start 2026-09-04T19:02:27Z
   Compiling unicode-ident v1.0.13
   Compiling proc-macro2 v1.0.103
   Compiling quote v1.0.42
   Compiling cfg-if v1.0.0
   Compiling windows_x86_64_msvc v0.52.6
   Compiling serde_core v1.0.228
   Compiling autocfg v1.4.0
   Compiling serde v1.0.228
   Compiling version_check v0.9.5
   Compiling shlex v1.3.0
   Compiling find-msvc-tools v0.1.9
   Compiling jobserver v0.1.32
   Compiling pin-project-lite v0.2.14
   Compiling once_cell v1.20.2
   Compiling value-bag v1.9.0
   Compiling getrandom v0.2.15
   Compiling typenum v1.17.0
   Compiling futures-core v0.3.31
   Compiling memchr v2.7.4
   Compiling crossbeam-utils v0.8.20
   Compiling windows-targets v0.52.6
   Compiling cc v1.2.61
   Compiling log v0.4.22
   Compiling windows-sys v0.52.0
   Compiling byteorder v1.5.0
   Compiling libm v0.2.16
   Compiling slab v0.4.9
   Compiling rand_core v0.6.4
   Compiling futures-io v0.3.31
   Compiling rustversion v1.0.17
   Compiling bytes v1.11.1
   Compiling syn v2.0.110
   Compiling num-traits v0.2.19
   Compiling generic-array v0.14.7
   Compiling tracing-core v0.1.36
   Compiling anyhow v1.0.97
   Compiling subtle v2.6.1
   Compiling lock_api v0.4.12
   Compiling parking_lot_core v0.9.10
   Compiling aho-corasick v1.1.3
   Compiling scopeguard v1.2.0
   Compiling libc v0.2.186
   Compiling regex-syntax v0.8.5
   Compiling futures-sink v0.3.31
   Compiling const-oid v0.9.6
   Compiling futures-channel v0.3.31
   Compiling pin-utils v0.1.0
   Compiling futures-task v0.3.31
   Compiling wasm-bindgen-shared v0.2.100
   Compiling hashbrown v0.17.0
   Compiling equivalent v1.0.1
   Compiling mio v1.0.2
   Compiling socket2 v0.5.7
   Compiling proc-macro-error-attr v1.0.4
   Compiling proc-macro-error v1.0.4
   Compiling bumpalo v3.16.0
   Compiling windows-sys v0.59.0
   Compiling syn v1.0.109
   Compiling indexmap v2.14.0
   Compiling regex-automata v0.4.8
   Compiling zmij v1.0.21
   Compiling thiserror v1.0.64
   Compiling wasm-bindgen-backend v0.2.100
   Compiling concurrent-queue v2.5.0
   Compiling winapi v0.3.9
   Compiling cpufeatures v0.2.17
   Compiling spin v0.9.8
   Compiling wasm-bindgen v0.2.100
   Compiling lazy_static v1.5.0
   Compiling parking v2.2.1
   Compiling atomic-waker v1.1.2
   Compiling allocator-api2 v0.2.21
   Compiling either v1.13.0
   Compiling toml_datetime v0.6.8
   Compiling winnow v0.6.20
   Compiling itoa v1.0.11
   Compiling cfg_aliases v0.2.1
   Compiling event-listener v5.3.1
   Compiling borsh v1.5.1
   Compiling crossbeam-epoch v0.9.18
   Compiling serde_derive v1.0.228
   Compiling zeroize_derive v1.4.3
   Compiling zerocopy-derive v0.7.35
   Compiling tracing-attributes v0.1.31
   Compiling futures-macro v0.3.31
   Compiling tokio-macros v2.4.0
   Compiling zeroize v1.8.1
   Compiling regex v1.11.0
   Compiling zerocopy v0.7.35
   Compiling futures-util v0.3.31
   Compiling wasm-bindgen-macro-support v0.2.100
   Compiling thiserror-impl v1.0.64
   Compiling toml_edit v0.22.22
   Compiling syn_derive v0.1.8
   Compiling block-buffer v0.10.4
   Compiling ppv-lite86 v0.2.20
   Compiling crypto-common v0.1.6
   Compiling digest v0.10.7
   Compiling rand_chacha v0.3.1
   Compiling windows_x86_64_msvc v0.48.5
   Compiling rayon-core v1.12.1
   Compiling fastrand v2.1.1
   Compiling rand v0.8.6
   Compiling sha2 v0.10.8
   Compiling crossbeam-deque v0.8.5
   Compiling wasm-bindgen-macro v0.2.100
   Compiling event-listener-strategy v0.5.2
   Compiling proc-macro-crate v3.2.0
   Compiling getrandom v0.3.4
   Compiling fnv v1.0.7
   Compiling camino v1.1.9
   Compiling smallvec v1.13.2
   Compiling bitflags v2.9.4
   Compiling tracing v0.1.44
   Compiling borsh-derive v1.5.1
   Compiling serde_json v1.0.149
   Compiling rayon v1.10.0
   Compiling parking_lot v0.12.3
   Compiling windows-targets v0.48.5
   Compiling futures-lite v2.3.0
   Compiling semver v1.0.28
   Compiling parse-variants-derive v1.0.0
   Compiling winapi-util v0.1.9
   Compiling tokio v1.42.1
   Compiling unicode-segmentation v1.12.0
   Compiling powerfmt v0.2.0
   Compiling rustix v0.38.37
   Compiling deranged v0.5.8
   Compiling termcolor v1.4.1
   Compiling parse-variants v1.0.3
   Compiling convert_case v0.6.0
   Compiling rand_core v0.9.3
   Compiling windows-sys v0.48.0
   Compiling futures-executor v0.3.31
   Compiling js-sys v0.3.77
   Compiling cargo-platform v0.1.8
   Compiling async-channel v2.3.1
   Compiling atty v0.2.14
   Compiling errno v0.3.9
   Compiling vergen v8.3.2
   Compiling async-task v4.7.1
   Compiling unicode-width v0.1.14
   Compiling time-core v0.1.8
   Compiling num-conv v0.2.1
   Compiling encode_unicode v0.3.6
   Compiling cargo_metadata v0.18.1
   Compiling time v0.3.47
   Compiling hexplay v0.3.0
   Compiling futures v0.3.31
   Compiling rustc_version v0.4.1
   Compiling console v0.15.8
   Compiling polling v3.7.3
   Compiling async-lock v3.4.2
   Compiling piper v0.2.4
   Compiling chrono v0.4.38
   Compiling downcast v0.11.0
   Compiling rlimit v0.10.2
   Compiling triggered v0.1.2
   Compiling event-listener v2.5.3
   Compiling thiserror v2.0.18
   Compiling async-io v2.3.4
   Compiling blocking v1.6.1
   Compiling async-executor v1.13.1
   Compiling workflow-macro-tools v0.18.0
   Compiling thiserror-impl v2.0.18
   Compiling option-ext v0.2.0
   Compiling windows-link v0.2.1
   Compiling windows-sys v0.61.2
   Compiling dirs-sys v0.4.1
   Compiling workflow-log v0.18.0
   Compiling web-sys v0.3.77
   Compiling async-global-executor v2.4.1
   Compiling async-channel v1.9.0
   Compiling workflow-core v0.18.0
   Compiling async-attributes v1.1.2
   Compiling kv-log-macro v1.0.7
   Compiling faster-hex v0.9.0
   Compiling async-std v1.13.0
   Compiling dirs v5.0.1
   Compiling serde-wasm-bindgen v0.6.5
   Compiling workflow-core-macros v0.18.0
   Compiling bs58 v0.5.1
   Compiling instant v0.1.13
   Compiling rand_chacha v0.9.0
   Compiling wasm-bindgen-futures v0.4.50
   Compiling os_pipe v1.2.1
   Compiling shared_child v1.0.1
   Compiling windows-interface v0.57.0
   Compiling rand v0.9.4
   Compiling windows-implement v0.57.0
   Compiling windows-result v0.1.2
   Compiling ahash v0.8.11
   Compiling arc-swap v1.7.1
   Compiling ntapi v0.4.1
   Compiling duct v0.13.7
   Compiling num_cpus v1.16.0
   Compiling windows-core v0.57.0
   Compiling bytemuck_derive v1.10.2
   Compiling uuid v1.18.1
   Compiling mac_address v1.1.7
   Compiling itertools v0.13.0
   Compiling kaspa-utils v1.1.1-toc.1 (D:\rusty-kaspa-ctl\utils)
   Compiling blake3 v1.8.3
   Compiling arrayref v0.3.9
   Compiling zerocopy v0.8.42
   Compiling arrayvec v0.7.6
   Compiling windows v0.57.0
   Compiling ipnet v2.11.0
   Compiling bytemuck v1.24.0
   Compiling zerocopy-derive v0.8.42
   Compiling itertools v0.14.0
   Compiling kaspa-hashes v1.1.1-toc.1 (D:\rusty-kaspa-ctl\crypto\hashes)
   Compiling workflow-wasm-macros v0.18.0
   Compiling prettyplease v0.2.22
   Compiling constant_time_eq v0.3.1
   Compiling ryu v1.0.23
   Compiling constant_time_eq v0.4.2
   Compiling blake2b_simd v1.0.2
   Compiling num-integer v0.1.46
   Compiling adler2 v2.0.0
   Compiling sha2-const-stable v0.1.0
   Compiling miniz_oxide v0.8.0
   Compiling crc32fast v1.4.2
   Compiling unicode-xid v0.2.6
   Compiling derive_more-impl v2.1.1
   Compiling flate2 v1.0.34
   Compiling workflow-panic-hook v0.18.0
   Compiling num-bigint v0.4.6
   Compiling foldhash v0.2.0
   Compiling destructure_traitobject v0.2.0
   Compiling unsafe-any-ors v1.0.0
   Compiling hashbrown v0.16.1
   Compiling safe_arch v1.0.0
   Compiling enum-ordinalize-derive v4.3.2
   Compiling derive_more v2.1.1
   Compiling async-trait v0.1.89
   Compiling ordered-float v2.10.1
   Compiling secp256k1-sys v0.10.1
   Compiling unsafe-libyaml v0.2.11
   Compiling malachite-nz v0.9.1
   Compiling serde-value v0.7.0
   Compiling enum-ordinalize v4.3.2
   Compiling kaspa-smt v1.1.1-toc.1 (D:\rusty-kaspa-ctl\crypto\smt)
   Compiling wide v1.3.0
   Compiling malachite-base v0.9.1
   Compiling serde_yaml v0.9.34+deprecated
   Compiling typemap-ors v1.0.0
   Compiling thread-id v5.1.0
   Compiling ark-std v0.6.0
   Compiling ark-serialize-derive v0.6.0
   Compiling humantime v2.1.0
   Compiling log-mdc v0.1.0
   Compiling mock_instant v0.6.0
   Compiling ark-serialize v0.6.0
   Compiling log4rs v1.4.0
   Compiling ark-ff-macros v0.6.0
   Compiling educe v0.6.0
   Compiling http v1.1.0
   Compiling ark-ff-asm v0.6.0
   Compiling ctrlc v3.4.5
   Compiling secp256k1 v0.29.1
   Compiling workflow-serializer v0.18.0
   Compiling kaspa-core v1.1.1-toc.1 (D:\rusty-kaspa-ctl\core)
   Compiling paste v1.0.15
   Compiling nu-ansi-term v0.50.3
   Compiling tracing-log v0.2.0
   Compiling ark-ff v0.6.0
   Compiling blake2 v0.10.6
   Compiling num_enum_derive v0.7.5
   Compiling sharded-slab v0.1.7
   Compiling thread_local v1.1.9
   Compiling num_enum v0.7.5
   Compiling stability v0.2.1
   Compiling synstructure v0.13.2
   Compiling foldhash v0.1.5
   Compiling glob v0.3.1
   Compiling risc0-zkp v3.0.3
   Compiling clang-sys v1.8.1
   Compiling risc0-zkvm-platform v2.2.1
   Compiling risc0-core v3.0.0
   Compiling hex v0.4.3
   Compiling matchers v0.2.0
   Compiling tracing-subscriber v0.3.22
   Compiling workflow-wasm v0.18.0
   Compiling pkg-config v0.3.31
   Compiling keccak v0.1.6
   Compiling hex-literal v0.4.1
   Compiling merlin v3.0.0
   Compiling kaspa-addresses v1.1.1-toc.1 (D:\rusty-kaspa-ctl\crypto\addresses)
   Compiling risc0-circuit-recursion v4.0.3
   Compiling zerofrom-derive v0.1.6
   Compiling cobs v0.3.0
   Compiling derivative v2.2.0
   Compiling ark-crypto-primitives-macros v0.5.0
   Compiling ruint-macro v1.2.1
   Compiling minimal-lexical v0.2.1
   Compiling httparse v1.9.5
   Compiling ruint v1.17.2
   Compiling nom v7.1.3
   Compiling zerofrom v0.1.7
   Compiling postcard v1.1.3
   Compiling yoke-derive v0.8.1
   Compiling http-body v1.0.1
   Compiling libloading v0.8.5
   Compiling ring v0.17.14
   Compiling kaspa-txscript v1.1.1-toc.1 (D:\rusty-kaspa-ctl\crypto\txscript)
   Compiling bindgen v0.72.1
   Compiling stable_deref_trait v1.2.0
   Compiling elf v0.7.4
   Compiling cexpr v0.6.0
   Compiling yoke v0.8.1
   Compiling risc0-binfmt v3.0.3
   Compiling ark-poly v0.6.0
   Compiling tokio-util v0.7.12
   Compiling rustls-pki-types v1.14.1
   Compiling ark-ec v0.6.0
   Compiling ark-relations v0.6.0
   Compiling rustc-hash v2.1.1
   Compiling tower-service v0.3.3
   Compiling prost-derive v0.14.3
   Compiling zerovec-derive v0.11.2
   Compiling ark-snark v0.6.0
   Compiling untrusted v0.9.0
   Compiling displaydoc v0.2.5
   Compiling pulldown-cmark v0.13.3
   Compiling zerovec v0.11.5
   Compiling rustls v0.23.39
   Compiling http-body-util v0.1.2
   Compiling try-lock v0.2.5
   Compiling heck v0.5.0
   Compiling ark-crypto-primitives v0.6.0
   Compiling ark-bn254 v0.6.0
   Compiling vcpkg v0.2.15
   Compiling percent-encoding v2.3.1
   Compiling unicase v2.9.0
   Compiling convert_case v0.4.0
   Compiling ark-groth16 v0.6.0
   Compiling rustls-webpki v0.103.13
   Compiling libz-sys v1.1.20
   Compiling derive_more v0.99.18
   Compiling prost v0.14.3
   Compiling hashbrown v0.15.5
   Compiling want v0.3.1
   Compiling h2 v0.4.6
   Compiling zstd-sys v2.0.13+zstd.1.5.6
   Compiling bzip2-sys v0.1.11+1.0.8
   Compiling lz4-sys v1.11.1+lz4-1.10.0
   Compiling httpdate v1.0.3
   Compiling tower-layer v0.3.3
   Compiling fixedbitset v0.5.7
   Compiling petgraph v0.8.3
   Compiling tempfile v3.13.0
   Compiling prost-types v0.14.3
   Compiling pulldown-cmark-to-cmark v22.0.0
   Compiling tinystr v0.8.2
   Compiling socket2 v0.6.3
   Compiling sync_wrapper v1.0.2
   Compiling writeable v0.6.3
   Compiling hyper v1.9.0
   Compiling litemap v0.8.2
   Compiling multimap v0.10.1
   Compiling prost-build v0.14.3
   Compiling icu_locale_core v2.1.1
   Compiling sysinfo v0.31.4
   Compiling hyper-util v0.1.20
   Compiling tokio-rustls v0.26.4
   Compiling librocksdb-sys v0.17.3+10.4.2
   Compiling potential_utf v0.1.4
   Compiling zerotrie v0.2.3
   Compiling tonic-build v0.14.5
   Compiling icu_properties_data v2.1.2
   Compiling base64 v0.22.1
   Compiling kaspa-math v1.1.1-toc.1 (D:\rusty-kaspa-ctl\math)
   Compiling icu_normalizer_data v2.1.1
   Compiling tonic-prost-build v0.14.5
   Compiling kaspa-merkle v1.1.1-toc.1 (D:\rusty-kaspa-ctl\crypto\merkle)
   Compiling kaspa-txscript-errors v1.1.1-toc.1 (D:\rusty-kaspa-ctl\crypto\txscript\errors)
   Compiling kaspa-muhash v1.1.1-toc.1 (D:\rusty-kaspa-ctl\crypto\muhash)
   Compiling icu_provider v2.1.1
   Compiling icu_collections v2.1.1
   Compiling kaspa-consensus-core v1.1.1-toc.1 (D:\rusty-kaspa-ctl\consensus\core)
   Compiling tower v0.5.3
   Compiling mime v0.3.17
   Compiling axum-core v0.5.6
   Compiling pin-project-internal v1.1.6
   Compiling matchit v0.8.4
   Compiling icu_properties v2.1.2
   Compiling icu_normalizer v2.1.1
   Compiling hyper-timeout v0.5.1
   Compiling webpki-roots v1.0.7
   Compiling enum-primitive-derive v0.3.0
   Compiling tokio-stream v0.1.16
   Compiling pin-project v1.1.6
   Compiling axum v0.8.9
   Compiling bincode v1.3.3
   Compiling duration-string v0.4.0
   Compiling idna_adapter v1.2.1
   Compiling kaspa-wasm-core v1.1.1-toc.1 (D:\rusty-kaspa-ctl\wasm\core)
   Compiling utf8_iter v1.0.4
   Compiling rand_core v0.10.1
   Compiling getrandom v0.4.2
   Compiling idna v1.1.0
   Compiling tower-http v0.5.2
   Compiling form_urlencoded v1.2.1
   Compiling kaspa-mining-errors v1.1.1-toc.1 (D:\rusty-kaspa-ctl\mining\errors)
   Compiling cpufeatures v0.3.0
   Compiling url v2.5.4
   Compiling chacha20 v0.10.0
   Compiling kaspa-utils-tower v1.1.1-toc.1 (D:\rusty-kaspa-ctl\utils\tower)
   Compiling kaspa-p2p-lib v1.1.1-toc.1 (D:\rusty-kaspa-ctl\protocol\p2p)
   Compiling xml-rs v0.8.22
   Compiling rand v0.10.1
   Compiling attohttpc v0.30.1
   Compiling xmltree v0.10.3
   Compiling tonic v0.14.5
   Compiling seqlock v0.2.0
   Compiling sha1 v0.10.6
   Compiling utf-8 v0.7.6
   Compiling data-encoding v2.6.0
   Compiling igd-next v0.17.0
   Compiling tungstenite v0.23.0
   Compiling tonic-prost v0.14.5
   Compiling kaspa-seq-commit v1.1.1-toc.1 (D:\rusty-kaspa-ctl\consensus\seq-commit)
   Compiling kaspa-notify v1.1.1-toc.1 (D:\rusty-kaspa-ctl\notify)
   Compiling kaspa-consensus-client v1.1.1-toc.1 (D:\rusty-kaspa-ctl\consensus\client)
   Compiling workflow-perf-monitor v0.0.3 (https://github.com/kaspanet/workflow-perf-monitor-rs.git?tag=v0.0.3#d63b1dd1)
   Compiling kaspa-consensus-notify v1.1.1-toc.1 (D:\rusty-kaspa-ctl\consensus\notify)
   Compiling kaspa-index-core v1.1.1-toc.1 (D:\rusty-kaspa-ctl\indexes\core)
   Compiling kaspa-consensusmanager v1.1.1-toc.1 (D:\rusty-kaspa-ctl\components\consensusmanager)
   Compiling kaspa-consensus-wasm v1.1.1-toc.1 (D:\rusty-kaspa-ctl\consensus\wasm)
   Compiling webpki-roots v0.26.6
   Compiling workflow-task-macros v0.18.0
   Compiling kaspa-rpc-macros v1.1.1-toc.1 (D:\rusty-kaspa-ctl\rpc\macros)
   Compiling local-ip-address v0.6.3
   Compiling portable-atomic v1.9.0
   Compiling kaspa-rpc-core v1.1.1-toc.1 (D:\rusty-kaspa-ctl\rpc\core)
   Compiling workflow-task v0.18.0
   Compiling tokio-tungstenite v0.23.1
   Compiling kaspa-grpc-core v1.1.1-toc.1 (D:\rusty-kaspa-ctl\rpc\grpc\core)
   Compiling async-stream-impl v0.3.6
   Compiling sweep-bptree v0.4.1
   Compiling downcast-rs v1.2.1
   Compiling strsim v0.11.1
   Compiling ident_case v1.0.1
   Compiling darling_core v0.23.0
   Compiling kaspa-mining v1.1.1-toc.1 (D:\rusty-kaspa-ctl\mining)
   Compiling async-stream v0.3.6
   Compiling workflow-websocket v0.18.0
   Compiling kaspa-p2p-mining v1.1.1-toc.1 (D:\rusty-kaspa-ctl\protocol\mining)
   Compiling manual_future v0.1.1
   Compiling workflow-rpc-macros v0.18.0
   Compiling libmimalloc-sys v0.1.44
   Compiling utf8parse v0.2.2
   Compiling anstyle v1.0.8
   Compiling darling_macro v0.23.0
   Compiling anstyle-wincon v3.0.4
   Compiling anstyle-parse v0.2.5
   Compiling kaspa-perf-monitor v1.1.1-toc.1 (D:\rusty-kaspa-ctl\metrics\perf_monitor)
   Compiling num-rational v0.4.2
   Compiling num-iter v0.1.45
   Compiling num-complex v0.4.6
   Compiling anstyle-query v1.1.1
   Compiling colorchoice v1.0.2
   Compiling is_terminal_polyfill v1.70.1
   Compiling num v0.4.3
   Compiling anstream v0.6.15
   Compiling darling v0.23.0
   Compiling serde_spanned v0.6.8
   Compiling self_cell v1.2.2
   Compiling clap_lex v0.7.6
   Compiling clap_builder v4.5.51
   Compiling kaspa-grpc-client v1.1.1-toc.1 (D:\rusty-kaspa-ctl\rpc\grpc\client)
   Compiling workflow-rpc v0.18.0
   Compiling serde_with_macros v3.18.0
   Compiling mimalloc v0.1.48
   Compiling kaspa-pow v1.1.1-toc.1 (D:\rusty-kaspa-ctl\consensus\pow)
   Compiling clap_derive v4.5.49
   Compiling crossbeam-channel v0.5.15
   Compiling serde_with v3.18.0
   Compiling kaspa-alloc v1.1.1-toc.1 (D:\rusty-kaspa-ctl\utils\alloc)
   Compiling toml v0.8.19
   Compiling clap v4.5.51
   Compiling rocksdb v0.24.0
   Compiling kaspa-database v1.1.1-toc.1 (D:\rusty-kaspa-ctl\database)
   Compiling kaspa-addressmanager v1.1.1-toc.1 (D:\rusty-kaspa-ctl\components\addressmanager)
   Compiling kaspa-utxoindex v1.1.1-toc.1 (D:\rusty-kaspa-ctl\indexes\utxoindex)
   Compiling kaspa-smt-store v1.1.1-toc.1 (D:\rusty-kaspa-ctl\consensus\smt-store)
   Compiling kaspa-index-processor v1.1.1-toc.1 (D:\rusty-kaspa-ctl\indexes\processor)
   Compiling kaspa-consensus v1.1.1-toc.1 (D:\rusty-kaspa-ctl\consensus)
   Compiling kaspa-connectionmanager v1.1.1-toc.1 (D:\rusty-kaspa-ctl\components\connectionmanager)
   Compiling kaspa-p2p-flows v1.1.1-toc.1 (D:\rusty-kaspa-ctl\protocol\flows)
   Compiling kaspa-rpc-service v1.1.1-toc.1 (D:\rusty-kaspa-ctl\rpc\service)
   Compiling kaspa-grpc-server v1.1.1-toc.1 (D:\rusty-kaspa-ctl\rpc\grpc\server)
   Compiling kaspa-wrpc-server v1.1.1-toc.1 (D:\rusty-kaspa-ctl\rpc\wrpc\server)
   Compiling kaspad v1.1.1-toc.1 (D:\rusty-kaspa-ctl\kaspad)
    Finished `release` profile [optimized] target(s) in 3m 12s
=== [ctl] build rc=0 end 2026-09-04T19:05:40Z
=== [ctl] exe size=40202240 sha256=460afe1290dd3a6c8978363f545fea5e66471bceb2f0cec77cb65677d9b85da0
=== [ctl] version: kaspad 1.1.1-toc.1  
BUILD SCRIPT end 2026-09-04T19:05:40Z
