BUILD SCRIPT start 2026-09-04T21:57:14Z rustc=rustc 1.96.1 (31fca3adb 2026-06-26) cargo=cargo 1.96.1 (356927216 2026-06-26)
=== [db] head=1b3046fbb86687560468b2960132a82893d1e96b branch=j2-db-ibd-pipeline dirty=1
=== [db] cargo fetch start 2026-09-04T21:57:14Z
=== [db] fetch rc=0 2026-09-04T21:57:21Z
=== [db] build start 2026-09-04T21:57:21Z
   Compiling kaspa-utils v1.1.1-toc.1 (D:\rusty-kaspa-da\utils)
   Compiling kaspa-hashes v1.1.1-toc.1 (D:\rusty-kaspa-da\crypto\hashes)
   Compiling kaspa-math v1.1.1-toc.1 (D:\rusty-kaspa-da\math)
   Compiling kaspa-smt v1.1.1-toc.1 (D:\rusty-kaspa-da\crypto\smt)
   Compiling kaspa-merkle v1.1.1-toc.1 (D:\rusty-kaspa-da\crypto\merkle)
   Compiling kaspa-txscript-errors v1.1.1-toc.1 (D:\rusty-kaspa-da\crypto\txscript\errors)
   Compiling kaspa-database v1.1.1-toc.1 (D:\rusty-kaspa-da\database)
   Compiling kaspa-muhash v1.1.1-toc.1 (D:\rusty-kaspa-da\crypto\muhash)
   Compiling kaspa-consensus-core v1.1.1-toc.1 (D:\rusty-kaspa-da\consensus\core)
   Compiling kaspa-seq-commit v1.1.1-toc.1 (D:\rusty-kaspa-da\consensus\seq-commit)
   Compiling kaspa-txscript v1.1.1-toc.1 (D:\rusty-kaspa-da\crypto\txscript)
   Compiling kaspa-mining-errors v1.1.1-toc.1 (D:\rusty-kaspa-da\mining\errors)
   Compiling kaspa-addressmanager v1.1.1-toc.1 (D:\rusty-kaspa-da\components\addressmanager)
   Compiling kaspa-smt-store v1.1.1-toc.1 (D:\rusty-kaspa-da\consensus\smt-store)
   Compiling kaspa-p2p-lib v1.1.1-toc.1 (D:\rusty-kaspa-da\protocol\p2p)
   Compiling kaspa-connectionmanager v1.1.1-toc.1 (D:\rusty-kaspa-da\components\connectionmanager)
   Compiling kaspa-notify v1.1.1-toc.1 (D:\rusty-kaspa-da\notify)
   Compiling kaspa-consensus-client v1.1.1-toc.1 (D:\rusty-kaspa-da\consensus\client)
   Compiling kaspa-consensus-notify v1.1.1-toc.1 (D:\rusty-kaspa-da\consensus\notify)
   Compiling kaspa-index-core v1.1.1-toc.1 (D:\rusty-kaspa-da\indexes\core)
   Compiling kaspa-consensusmanager v1.1.1-toc.1 (D:\rusty-kaspa-da\components\consensusmanager)
   Compiling kaspa-consensus-wasm v1.1.1-toc.1 (D:\rusty-kaspa-da\consensus\wasm)
   Compiling kaspa-p2p-mining v1.1.1-toc.1 (D:\rusty-kaspa-da\protocol\mining)
   Compiling kaspa-rpc-core v1.1.1-toc.1 (D:\rusty-kaspa-da\rpc\core)
   Compiling kaspa-utxoindex v1.1.1-toc.1 (D:\rusty-kaspa-da\indexes\utxoindex)
   Compiling kaspa-mining v1.1.1-toc.1 (D:\rusty-kaspa-da\mining)
   Compiling kaspa-pow v1.1.1-toc.1 (D:\rusty-kaspa-da\consensus\pow)
   Compiling kaspa-index-processor v1.1.1-toc.1 (D:\rusty-kaspa-da\indexes\processor)
   Compiling kaspa-consensus v1.1.1-toc.1 (D:\rusty-kaspa-da\consensus)
   Compiling kaspa-p2p-flows v1.1.1-toc.1 (D:\rusty-kaspa-da\protocol\flows)
   Compiling kaspa-grpc-core v1.1.1-toc.1 (D:\rusty-kaspa-da\rpc\grpc\core)
   Compiling kaspa-rpc-service v1.1.1-toc.1 (D:\rusty-kaspa-da\rpc\service)
   Compiling kaspa-grpc-client v1.1.1-toc.1 (D:\rusty-kaspa-da\rpc\grpc\client)
   Compiling kaspa-grpc-server v1.1.1-toc.1 (D:\rusty-kaspa-da\rpc\grpc\server)
