   Compiling proc-macro2 v1.0.106
   Compiling quote v1.0.46
   Compiling unicode-ident v1.0.24
   Compiling serde_core v1.0.228
   Compiling cfg-if v1.0.4
   Compiling syn v2.0.118
   Compiling libc v0.2.186
   Compiling version_check v0.9.5
 == build done 2026-10-04T00:10:01+07:00
methods.rs = target/release/build/methods-a340773ee64d8839/out/methods.rs (2026-10-04 00:10:01)
payout.bin = /mnt/d/kanet-tn12/scratch/_j2_wt_pm_e2e/zk-payout-guest/target/riscv-guest/methods/payout/riscv32im-risc0-zkvm-elf/release/payout.bin (366748 B, sha256 885c6fca4914cd3fce4463d94acd517c…)
got  = c9918501d90bf0aeaaf7970816078c81e8286c08293ccf388e87a7cab023ce30
want = c9918501d90bf0aeaaf7970816078c81e8286c08293ccf388e87a7cab023ce30
IMAGE_ID OK
BUILD_ALL_DONE 2026-10-04T00:12:34+07:00
g v1.5.1
   Compiling num-traits v0.2.19
   Compiling toml_parser v1.1.2+spec-1.1.0
   Compiling digest v0.10.7
   Compiling getrandom v0.2.17
   Compiling zeroize v1.9.0
   Compiling base64ct v1.8.3
   Compiling thiserror v2.0.18
   Compiling rustversion v1.0.22
   Compiling toml_datetime v1.1.1+spec-1.1.0
   Compiling toml_edit v0.25.12+spec-1.1.0
   Compiling pem-rfc7468 v0.7.0
   Compiling rand_core v0.6.4
   Compiling thiserror-impl v2.0.18
   Compiling cfg_aliases v0.2.1
   Compiling paste v1.0.15
   Compiling fnv v1.0.7
   Compiling darling_core v0.20.11
   Compiling borsh v1.7.0
   Compiling ppv-lite86 v0.2.21
   Compiling proc-macro-crate v3.5.0
   Compiling der v0.7.10
   Compiling darling_core v0.23.0
   Compiling num_enum_derive v0.7.6
   Compiling spin v0.9.8
   Compiling lazy_static v1.5.0
   Compiling num_enum v0.7.6
   Compiling spki v0.7.3
   Compiling darling_macro v0.23.0
   Compiling borsh-derive v1.7.0
   Compiling num-integer v0.1.46
   Compiling darling_macro v0.20.11
   Compiling rand_chacha v0.3.1
   Compiling stability v0.2.1
   Compiling bytemuck_derive v1.10.2
   Compiling num-bigint-dig v0.8.6
   Compiling cpufeatures v0.2.17
   Compiling anyhow v1.0.103
   Compiling zmij v1.0.21
   Compiling foldhash v0.1.5
   Compiling getrandom v0.4.3
   Compiling rustix v1.1.4
   Compiling hashbrown v0.15.5
   Compiling bytemuck v1.25.0
   Compiling sha2 v0.10.9
   Compiling risc0-zkvm-platform v2.2.2
   Compiling darling v0.20.11
   Compiling rand v0.8.6
   Compiling num-iter v0.1.45
   Compiling darling v0.23.0
   Compiling pkcs8 v0.10.2
   Compiling toml_datetime v0.6.11
   Compiling serde_spanned v0.6.9
   Compiling tracing-core v0.1.36
   Compiling tracing-attributes v0.1.31
   Compiling semver v1.0.28
   Compiling winnow v0.7.15
   Compiling risc0-zkp v3.0.4
   Compiling smallvec v1.15.2
   Compiling bitflags v2.13.0
   Compiling linux-raw-sys v0.12.1
   Compiling log v0.4.33
   Compiling camino v1.2.4
   Compiling hex v0.4.3
   Compiling unicode-xid v0.2.6
   Compiling pin-project-lite v0.2.17
   Compiling rand_core v0.9.5
   Compiling serde_json v1.0.150
   Compiling heck v0.5.0
   Compiling toml_write v0.1.2
   Compiling toml_edit v0.22.27
   Compiling strum_macros v0.27.2
   Compiling risc0-core v3.0.1
   Compiling tracing v0.1.44
   Compiling derive_more-impl v2.1.1
   Compiling serde_with_macros v3.21.0
   Compiling pkcs1 v0.7.5
   Compiling derive_builder_core v0.20.2
   Compiling hashlink v0.10.0
   Compiling cobs v0.3.0
   Compiling signature v2.2.0
   Compiling blake2 v0.10.6
   Compiling encoding_rs v0.8.35
   Compiling ruint-macro v1.2.1
   Compiling fastrand v2.4.1
   Compiling itoa v1.0.18
   Compiling memchr v2.8.2
   Compiling hex-literal v0.4.1
   Compiling option-ext v0.2.0
   Compiling arraydeque v0.5.1
   Compiling dirs-sys v0.5.0
   Compiling yaml-rust2 v0.10.4
   Compiling tempfile v3.27.0
   Compiling ruint v1.19.0
   Compiling rsa v0.9.10
   Compiling postcard v1.1.3
   Compiling derive_builder_macro v0.20.2
   Compiling serde_with v3.21.0
   Compiling derive_more v2.1.1
   Compiling strum v0.27.2
   Compiling toml v0.8.23
   Compiling cargo-platform v0.1.9
   Compiling elf v0.7.4
   Compiling no_std_strings v0.1.3
   Compiling include_bytes_aligned v0.1.4
   Compiling risc0-zkos-v1compat v2.2.2
   Compiling risc0-binfmt v3.0.4
   Compiling rzup v0.5.1
   Compiling cargo_metadata v0.19.2
   Compiling derive_builder v0.20.2
   Compiling dirs v6.0.0
   Compiling docker-generate v0.1.3
   Compiling risc0-build v3.0.5
   Compiling methods v0.1.0 (/mnt/d/kanet-tn12/scratch/_j2_wt_pm_e2e/zk-payout-guest/methods)
    Finished `release` profile [optimized + debuginfo] target(s) in 1m 00s
 Downloading crates ...
  Downloaded atomic-waker v1.1.2
  Downloaded aho-corasick v1.1.4
  Downloaded bincode v1.3.3
  Downloaded chacha20 v0.10.1
  Downloaded duplicate v2.0.1
  Downloaded idna_adapter v1.2.2
  Downloaded futures-io v0.3.32
  Downloaded lru-slab v0.1.2
  Downloaded futures-macro v0.3.32
  Downloaded http-body v1.0.1
  Downloaded futures-channel v0.3.32
  Downloaded cc v1.2.66
  Downloaded rustls-pki-types v1.15.0
  Downloaded serde_urlencoded v0.7.1
  Downloaded form_urlencoded v1.2.2
  Downloaded futures-sink v0.3.32
  Downloaded sync_wrapper v1.0.2
  Downloaded lazy-regex v3.6.0
  Downloaded prost-derive v0.13.5
  Downloaded cpufeatures v0.3.0
  Downloaded thread_local v1.1.9
  Downloaded find-msvc-tools v0.1.9
  Downloaded futures-core v0.3.32
  Downloaded bonsai-sdk v1.4.2
  Downloaded yoke v0.8.3
  Downloaded maybe-async v0.2.11
  Downloaded zerofrom-derive v0.1.7
  Downloaded icu_collections v2.2.0
  Downloaded rand_pcg v0.10.2
  Downloaded stable_deref_trait v1.2.1
  Downloaded rustc-hash v2.1.3
  Downloaded lazy-regex-proc_macros v3.6.0
  Downloaded utf8_iter v1.0.4
  Downloaded tower-service v0.3.3
  Downloaded potential_utf v0.1.5
  Downloaded percent-encoding v2.3.2
  Downloaded zerofrom v0.1.8
  Downloaded zerovec-derive v0.11.3
  Downloaded bytes v1.12.0
  Downloaded matchers v0.2.0
  Downloaded try-lock v0.2.5
  Downloaded tower-layer v0.3.3
  Downloaded yoke-derive v0.8.2
  Downloaded want v0.3.1
  Downloaded futures-task v0.3.32
  Downloaded displaydoc v0.2.6
  Downloaded slab v0.4.12
  Downloaded shlex v2.0.1
  Downloaded ipnet v2.12.0
  Downloaded rand_core v0.10.1
  Downloaded prost v0.13.5
  Downloaded proc-macro2-diagnostics v0.10.1
  Downloaded untrusted v0.9.0
  Downloaded tinystr v0.8.3
  Downloaded synstructure v0.13.2
  Downloaded nu-ansi-term v0.50.3
  Downloaded quinn-udp v0.5.15
  Downloaded zerovec v0.11.6
  Downloaded tracing-log v0.2.0
  Downloaded tokio-rustls v0.26.4
  Downloaded writeable v0.6.3
  Downloaded icu_normalizer v2.2.0
  Downloaded litemap v0.8.2
  Downloaded http-body-util v0.1.3
  Downloaded httparse v1.10.1
  Downloaded socket2 v0.6.4
  Downloaded icu_properties v2.2.0
  Downloaded icu_provider v2.2.0
  Downloaded hyper-rustls v0.27.9
  Downloaded sharded-slab v0.1.7
  Downloaded icu_locale_core v2.2.0
  Downloaded hyper v1.10.1
  Downloaded icu_normalizer_data v2.2.0
  Downloaded quinn v0.11.11
  Downloaded ryu v1.0.23
  Downloaded rustls-webpki v0.103.13
  Downloaded zerotrie v0.2.4
  Downloaded url v2.5.8
  Downloaded hyper-util v0.1.20
  Downloaded mio v1.2.1
  Downloaded rand v0.10.2
  Downloaded http v1.4.2
  Downloaded tower v0.5.3
  Downloaded tokio-util v0.7.18
  Downloaded futures-util v0.3.32
  Downloaded idna v1.1.0
  Downloaded regex v1.12.4
  Downloaded tower-http v0.6.11
  Downloaded itertools v0.14.0
  Downloaded icu_properties_data v2.2.0
  Downloaded reqwest v0.12.28
  Downloaded tracing-subscriber v0.3.23
  Downloaded webpki-roots v1.0.8
  Downloaded quinn-proto v0.11.16
  Downloaded regex-syntax v0.8.11
  Downloaded rustls v0.23.41
  Downloaded regex-automata v0.4.14
  Downloaded tokio v1.52.3
  Downloaded ring v0.17.14
   Compiling proc-macro2 v1.0.106
   Compiling quote v1.0.46
   Compiling cfg-if v1.0.4
   Compiling libc v0.2.186
   Compiling syn v2.0.118
   Compiling serde_core v1.0.228
   Compiling serde v1.0.228
   Compiling once_cell v1.21.4
   Compiling serde_derive v1.0.228
   Compiling paste v1.0.15
   Compiling zeroize_derive v1.5.0
   Compiling getrandom v0.2.17
   Compiling subtle v2.6.1
   Compiling zeroize v1.9.0
   Compiling const-oid v0.9.6
   Compiling generic-array v0.14.7
   Compiling pin-project-lite v0.2.17
   Compiling typenum v1.20.1
   Compiling tracing-attributes v0.1.31
   Compiling crypto-common v0.1.7
   Compiling block-buffer v0.10.4
   Compiling libm v0.2.16
   Compiling digest v0.10.7
   Compiling thiserror-impl v2.0.18
   Compiling num-traits v0.2.19
   Compiling zerocopy v0.8.52
   Compiling num-integer v0.1.46
   Compiling rand_core v0.6.4
   Compiling tracing-core v0.1.36
   Compiling num_enum_derive v0.7.6
   Compiling synstructure v0.13.2
   Compiling log v0.4.33
   Compiling borsh-derive v1.7.0
   Compiling zerofrom-derive v0.1.7
   Compiling ppv-lite86 v0.2.21
   Compiling bytemuck_derive v1.10.2
   Compiling stability v0.2.1
   Compiling rand_chacha v0.3.1
   Compiling zerofrom v0.1.8
   Compiling tracing v0.1.44
   Compiling yoke-derive v0.8.2
   Compiling stable_deref_trait v1.2.1
   Compiling memchr v2.8.2
   Compiling yoke v0.8.3
   Compiling rand v0.8.6
   Compiling smallvec v1.15.2
   Compiling bytes v1.12.0
   Compiling zerovec-derive v0.11.3
   Compiling displaydoc v0.2.6
   Compiling zerovec v0.11.6
   Compiling itoa v1.0.18
   Compiling derive_more-impl v2.1.1
   Compiling darling_core v0.23.0
   Compiling futures-core v0.3.32
   Compiling darling_core v0.20.11
   Compiling darling_macro v0.23.0
   Compiling thiserror v2.0.18
   Compiling enum-ordinalize-derive v4.4.1
   Compiling find-msvc-tools v0.1.9
   Compiling foldhash v0.1.5
   Compiling spin v0.9.8
   Compiling shlex v2.0.1
   Compiling cpufeatures v0.2.17
   Compiling allocator-api2 v0.2.21
   Compiling cc v1.2.66
   Compiling hashbrown v0.15.5
   Compiling sha2 v0.10.9
   Compiling lazy_static v1.5.0
   Compiling enum-ordinalize v4.4.1
   Compiling darling_macro v0.20.11
   Compiling darling v0.23.0
   Compiling tinystr v0.8.3
   Compiling ark-std v0.5.0
   Compiling num-bigint v0.4.8
   Compiling borsh v1.7.0
   Compiling ark-serialize-derive v0.5.0
   Compiling socket2 v0.6.4
   Compiling mio v1.2.1
   Compiling writeable v0.6.3
   Compiling litemap v0.8.2
   Compiling rand_core v0.9.5
   Compiling futures-sink v0.3.32
   Compiling arrayvec v0.7.8
   Compiling either v1.16.0
   Compiling itertools v0.13.0
   Compiling ark-serialize v0.5.0
   Compiling icu_locale_core v2.2.0
   Compiling tokio v1.52.3
   Compiling ark-ff-macros v0.5.0
   Compiling darling v0.20.11
   Compiling serde_with_macros v3.21.0
   Compiling educe v0.6.0
   Compiling ring v0.17.14
   Compiling strum_macros v0.27.2
   Compiling zerotrie v0.2.4
   Compiling potential_utf v0.1.5
   Compiling num_enum v0.7.6
   Compiling blake2 v0.10.6
   Compiling ark-ff-asm v0.5.0
   Compiling icu_properties_data v2.2.0
   Compiling icu_normalizer_data v2.2.0
   Compiling utf8_iter v1.0.4
   Compiling icu_collections v2.2.0
   Compiling ark-ff v0.5.0
   Compiling risc0-zkvm-platform v2.2.2
   Compiling icu_provider v2.2.0
   Compiling derive_builder_core v0.20.2
   Compiling http v1.4.2
   Compiling bytemuck v1.25.0
   Compiling anyhow v1.0.103
   Compiling ahash v0.8.12
   Compiling risc0-zkp v3.0.4
   Compiling percent-encoding v2.3.2
   Compiling base64ct v1.8.3
   Compiling hex v0.4.3
   Compiling pem-rfc7468 v0.7.0
   Compiling risc0-core v3.0.1
   Compiling http-body v1.0.1
   Compiling derive_builder_macro v0.20.2
   Compiling rustls-pki-types v1.15.0
   Compiling semver v1.0.28
   Compiling untrusted v0.9.0
   Compiling futures-io v0.3.32
   Compiling bitflags v2.13.0
   Compiling slab v0.4.12
   Compiling futures-task v0.3.32
   Compiling hex-literal v0.4.1
   Compiling httparse v1.10.1
   Compiling futures-util v0.3.32
   Compiling icu_normalizer v2.2.0
   Compiling icu_properties v2.2.0
   Compiling der v0.7.10
   Compiling rand v0.9.4
   Compiling cobs v0.3.0
   Compiling rustix v1.1.4
   Compiling getrandom v0.4.3
   Compiling toml_datetime v0.6.11
   Compiling serde_spanned v0.6.9
   Compiling zmij v1.0.21
   Compiling num-iter v0.1.45
   Compiling syn v1.0.109
   Compiling rustls v0.23.41
   Compiling try-lock v0.2.5
   Compiling tower-service v0.3.3
   Compiling want v0.3.1
   Compiling toml_edit v0.22.27
   Compiling num-bigint-dig v0.8.6
   Compiling spki v0.7.3
   Compiling postcard v1.1.3
   Compiling ruint v1.19.0
   Compiling ark-poly v0.5.0
   Compiling idna_adapter v1.2.2
   Compiling rustls-webpki v0.103.13
   Compiling form_urlencoded v1.2.2
   Compiling signature v2.2.0
   Compiling futures-channel v0.3.32
   Compiling derive_more v2.1.1
   Compiling serde_json v1.0.150
   Compiling aho-corasick v1.1.4
   Compiling tracing-subscriber v0.2.25
   Compiling hashbrown v0.17.1
   Compiling regex-syntax v0.8.11
   Compiling equivalent v1.0.2
   Compiling atomic-waker v1.1.2
   Compiling elf v0.7.4
   Compiling risc0-binfmt v3.0.4
   Compiling hyper v1.10.1
   Compiling regex-automata v0.4.14
   Compiling indexmap v2.14.0
   Compiling dirs-sys v0.5.0
   Compiling tempfile v3.27.0
   Compiling ark-relations v0.5.1
   Compiling camino v1.2.4
   Compiling rsa v0.9.10
   Compiling ark-ec v0.5.0
   Compiling idna v1.1.0
   Compiling pkcs8 v0.10.2
   Compiling toml v0.8.23
   Compiling strum v0.27.2
   Compiling serde_with v3.21.0
   Compiling sync_wrapper v1.0.2
   Compiling cargo-platform v0.1.9
   Compiling proc-macro2-diagnostics v0.10.1
   Compiling base64 v0.22.1
   Compiling keccak v0.1.6
   Compiling linux-raw-sys v0.12.1
   Compiling winnow v0.7.15
   Compiling byteorder v1.5.0
   Compiling ipnet v2.12.0
   Compiling toml_write v0.1.2
   Compiling tower-layer v0.3.3
   Compiling tower v0.5.3
   Compiling risc0-zkos-v1compat v2.2.2
   Compiling hyper-util v0.1.20
   Compiling merlin v3.0.0
   Compiling cargo_metadata v0.19.2
   Compiling rzup v0.5.1
   Compiling derivative v2.2.0
   Compiling pkcs1 v0.7.5
   Compiling tokio-rustls v0.26.4
   Compiling url v2.5.8
   Compiling ark-snark v0.5.1
   Compiling dirs v6.0.0
   Compiling webpki-roots v1.0.8
   Compiling derive_builder v0.20.2
   Compiling hashlink v0.10.0
   Compiling risc0-circuit-recursion v4.0.4
   Compiling ark-crypto-primitives-macros v0.5.0
   Compiling encoding_rs v0.8.35
   Compiling arraydeque v0.5.1
   Compiling fastrand v2.4.1
   Compiling ryu v1.0.23
   Compiling option-ext v0.2.0
   Compiling risc0-build v3.0.5
   Compiling itertools v0.14.0
   Compiling serde_urlencoded v0.7.1
   Compiling yaml-rust2 v0.10.4
   Compiling ark-crypto-primitives v0.5.0
   Compiling hyper-rustls v0.27.9
   Compiling tower-http v0.6.11
   Compiling regex v1.12.4
   Compiling http-body-util v0.1.3
   Compiling tokio-util v0.7.18
   Compiling no_std_strings v0.1.3
   Compiling include_bytes_aligned v0.1.4
   Compiling risc0-circuit-keccak v4.0.5
   Compiling reqwest v0.12.28
   Compiling lazy-regex-proc_macros v3.6.0
   Compiling duplicate v2.0.1
   Compiling ark-groth16 v0.5.0
   Compiling methods v0.1.0 (/mnt/d/kanet-tn12/scratch/_j2_wt_pm_e2e/zk-payout-guest/methods)
   Compiling prost-derive v0.13.5
   Compiling ark-bn254 v0.5.0
   Compiling maybe-async v0.2.11
   Compiling docker-generate v0.1.3
   Compiling downcast-rs v1.2.1
   Compiling bit-vec v0.8.0
   Compiling risc0-circuit-rv32im v4.0.4
   Compiling bonsai-sdk v1.4.2
   Compiling rrs-lib v0.1.0
   Compiling prost v0.13.5
   Compiling lazy-regex v3.6.0
   Compiling risc0-groth16 v3.0.4
   Compiling matchers v0.2.0
   Compiling sharded-slab v0.1.7
   Compiling tracing-log v0.2.0
   Compiling bincode v1.3.3
   Compiling thread_local v1.1.9
   Compiling nu-ansi-term v0.50.3
   Compiling tracing-subscriber v0.3.23
   Compiling risc0-zkvm v3.0.5
   Compiling host v0.1.0 (/mnt/d/kanet-tn12/scratch/_j2_wt_pm_e2e/zk-payout-guest/host)
    Finished `release` profile [optimized + debuginfo] target(s) in 2m 33s
