  RUN   V-absorb-1_pass_owned_plus_incoming_shard
  PASS  V-absorb-1_pass_owned_plus_incoming_shard
  RUN   V-absorb-2_fail_smuggled_second_owned_token_uncounted
  PASS  V-absorb-2_fail_smuggled_second_owned_token_uncounted
  RUN   V-absorb-4_fail_output_diverted_to_stranger_owner
  PASS  V-absorb-4_fail_output_diverted_to_stranger_owner
  RUN   V-absorb-5_fail_output_wrong_amount
  PASS  V-absorb-5_fail_output_wrong_amount
  RUN   V-absorb-6_fail_self_output_below_dust_min
  PASS  V-absorb-6_fail_self_output_below_dust_min
  RUN   V-absorb-7_fail_self_continuation_wrong_closed_field
  PASS  V-absorb-7_fail_self_continuation_wrong_closed_field
  RUN   V-absorb-8_fail_self_continuation_wrong_payoutRoot_field
  PASS  V-absorb-8_fail_self_continuation_wrong_payoutRoot_field
  RUN   V-absorb-9_fail_self_continuation_wrong_w5_field
  PASS  V-absorb-9_fail_self_continuation_wrong_w5_field
  RUN   V-absorb-10_fail_witness_wrong_tok_prefix_blake3_mismatch
  PASS  V-absorb-10_fail_witness_wrong_tok_prefix_blake3_mismatch
  RUN   V-absorb-11_fail_witness_wrong_tok_suffix_blake3_mismatch
  PASS  V-absorb-11_fail_witness_wrong_tok_suffix_blake3_mismatch
  RUN   V-absorb-12_pass_at_bound_8_inputs_clean
  PASS  V-absorb-12_pass_at_bound_8_inputs_clean
  RUN   V-absorb-13_fail_bound_plus_one_9_inputs_rejected_by_length_guard
  PASS  V-absorb-13_fail_bound_plus_one_9_inputs_rejected_by_length_guard
  RUN   V-absorb-14_fail_victim_stray_token_at_last_reachable_index_7
  PASS  V-absorb-14_fail_victim_stray_token_at_last_reachable_index_7
  RUN   V-SSF-1_pass_single_leaf_sole_source
  PASS  V-SSF-1_pass_single_leaf_sole_source
  RUN   V-SSF-2_fail_dual_leaf_only_one_named_other_silently_destroyed
  PASS  V-SSF-2_fail_dual_leaf_only_one_named_other_silently_destroyed
  RUN   V-SSF-3_fail_shardInIdx_already_self_owned_double_credit
  PASS  V-SSF-3_fail_shardInIdx_already_self_owned_double_credit
  RUN   V-SSF-4_fail_unrelated_stray_same_template_input_unaccounted
  PASS  V-SSF-4_fail_unrelated_stray_same_template_input_unaccounted
  RUN   V-SSF-5_fail_hidden_extra_ps_owned_token_uncounted
  PASS  V-SSF-5_fail_hidden_extra_ps_owned_token_uncounted
  RUN   V-SSF-6_fail_wrong_output_amount
  PASS  V-SSF-6_fail_wrong_output_amount
  RUN   V-close_attest-1_fail_no_token_sigs_invalid_reaches_sig_gate
  PASS  V-close_attest-1_fail_no_token_sigs_invalid_reaches_sig_gate
  RUN   V-close_attest-2_fail_token_input_present_rejected_by_noTokenInput
  PASS  V-close_attest-2_fail_token_input_present_rejected_by_noTokenInput
  RUN   V-close_attest-3_fail_at_bound_8_inputs_no_token_reaches_sig_gate
  PASS  V-close_attest-3_fail_at_bound_8_inputs_no_token_reaches_sig_gate
  RUN   V-close_attest-4_fail_bound_plus_one_9_inputs_rejected_by_length_guard
  PASS  V-close_attest-4_fail_bound_plus_one_9_inputs_rejected_by_length_guard
  RUN   V-close_attest-5_fail_victim_token_at_last_reachable_index_7
  PASS  V-close_attest-5_fail_victim_token_at_last_reachable_index_7
  RUN   V-close_attest-6_fail_witness_wrong_tok_prefix_blake3_mismatch
  PASS  V-close_attest-6_fail_witness_wrong_tok_prefix_blake3_mismatch
  RUN   V-cancel_attest-1_fail_no_token_sigs_invalid_reaches_sig_gate
  PASS  V-cancel_attest-1_fail_no_token_sigs_invalid_reaches_sig_gate
  RUN   V-cancel_attest-2_fail_token_input_present_rejected_by_noTokenInput
  PASS  V-cancel_attest-2_fail_token_input_present_rejected_by_noTokenInput
  RUN   V-cancel_attest-3_fail_at_bound_8_inputs_no_token_reaches_sig_gate
  PASS  V-cancel_attest-3_fail_at_bound_8_inputs_no_token_reaches_sig_gate
  RUN   V-cancel_attest-4_fail_bound_plus_one_9_inputs_rejected_by_length_guard
  PASS  V-cancel_attest-4_fail_bound_plus_one_9_inputs_rejected_by_length_guard
  RUN   V-cancel_attest-5_fail_victim_token_at_last_reachable_index_7
  PASS  V-cancel_attest-5_fail_victim_token_at_last_reachable_index_7
  RUN   V-cancel_attest-6_fail_witness_wrong_tok_prefix_blake3_mismatch
  PASS  V-cancel_attest-6_fail_witness_wrong_tok_prefix_blake3_mismatch
  RUN   V-PSCF-CLM-1_pass_partial_with_remainder
  PASS  V-PSCF-CLM-1_pass_partial_with_remainder
  RUN   V-PSCF-CLM-2_pass_exact_no_remainder_drawdown_zero
  PASS  V-PSCF-CLM-2_pass_exact_no_remainder_drawdown_zero
  RUN   V-PSCF-CLM-3_fail_destination_not_real_claim_template
  PASS  V-PSCF-CLM-3_fail_destination_not_real_claim_template
  RUN   V-PSCF-CLM-4_fail_token_owner_diverted_to_stranger
  PASS  V-PSCF-CLM-4_fail_token_owner_diverted_to_stranger
  RUN   V-PSCF-CLM-5_fail_witness_wrong_tok_prefix
  PASS  V-PSCF-CLM-5_fail_witness_wrong_tok_prefix
  RUN   V-PSCF-CLM-6_fail_witness_wrong_claim_prefix
  PASS  V-PSCF-CLM-6_fail_witness_wrong_claim_prefix
  RUN   V-PSCF-RFC-1_pass_partial_with_remainder
  PASS  V-PSCF-RFC-1_pass_partial_with_remainder
  RUN   V-PSCF-RFC-2_pass_exact_no_remainder_drawdown_zero
  PASS  V-PSCF-RFC-2_pass_exact_no_remainder_drawdown_zero
  RUN   V-PSCF-RFC-3_fail_destination_not_real_claim_template
  PASS  V-PSCF-RFC-3_fail_destination_not_real_claim_template
  RUN   V-PSCF-RFC-4_fail_token_owner_diverted_to_stranger
  PASS  V-PSCF-RFC-4_fail_token_owner_diverted_to_stranger
  RUN   V-PSCF-RFC-5_fail_witness_wrong_tok_prefix
  PASS  V-PSCF-RFC-5_fail_witness_wrong_tok_prefix
  RUN   V-PSCF-RFC-6_fail_witness_wrong_claim_prefix
  PASS  V-PSCF-RFC-6_fail_witness_wrong_claim_prefix

43 tests: 43 passed, 0 failed
