== start 2026-10-03T21:10:38+07:00  src git HEAD: d33ee4d7
tree: /tmp/kanetui_zk_guest_build  files: 26
guest rustc: rustc 1.94.1-dev (06e01cb0d 2026-04-09)
host rustc: rustc 1.96.1 (31fca3adb 2026-06-26)
== --build: nice -n 19, CARGO_BUILD_JOBS=2, tree=/tmp/kanetui_zk_guest_build, start=2026-10-03T21:10:38+07:00
   guest rustc: rustc 1.94.1-dev (06e01cb0d 2026-04-09)   host rustc: rustc 1.96.1 (31fca3adb 2026-06-26)
    Updating crates.io index
 Downloading crates ...
  Downloaded autocfg v1.5.1
  Downloaded bs58 v0.5.1
  Downloaded anyhow v1.0.103
  Downloaded rand_chacha v0.3.1
  Downloaded include_bytes_aligned v0.1.4
  Downloaded hex-literal v0.4.1
  Downloaded signature v2.2.0
  Downloaded itoa v1.0.18
  Downloaded rand_core v0.9.5
  Downloaded spki v0.7.3
  Downloaded equivalent v1.0.2
  Downloaded embedded-io v0.6.1
  Downloaded schemars v0.9.0
  Downloaded time-core v0.1.9
  Downloaded dirs v6.0.0
  Downloaded toml_datetime v0.6.11
  Downloaded derive_builder_macro v0.20.2
  Downloaded dyn-clone v1.0.20
  Downloaded num-conv v0.2.2
  Downloaded darling v0.23.0
  Downloaded serde_spanned v0.6.9
  Downloaded dirs-sys v0.5.0
  Downloaded ruint-macro v1.2.1
  Downloaded ident_case v1.0.1
  Downloaded borsh-derive v1.7.0
  Downloaded strsim v0.11.1
  Downloaded risc0-core v3.0.1
  Downloaded pem-rfc7468 v0.7.0
  Downloaded rustc_version v0.4.1
  Downloaded rand_xorshift v0.4.0
  Downloaded proc-macro-crate v3.5.0
  Downloaded blake2 v0.10.6
  Downloaded ref-cast v1.0.25
  Downloaded rand_chacha v0.9.0
  Downloaded camino v1.2.4
  Downloaded no_std_strings v0.1.3
  Downloaded indexmap v1.9.3
  Downloaded rand_core v0.6.4
  Downloaded unarray v0.1.4
  Downloaded toml_write v0.1.2
  Downloaded libm v0.2.16
  Downloaded version_check v0.9.5
  Downloaded derive_builder v0.20.2
  Downloaded tinyvec_macros v0.1.1
  Downloaded stability v0.2.1
  Downloaded postcard v1.1.3
  Downloaded unicode-xid v0.2.6
  Downloaded ref-cast-impl v1.0.25
  Downloaded sha2 v0.10.9
  Downloaded rustversion v1.0.22
  Downloaded zmij v1.0.21
  Downloaded risc0-binfmt v3.0.4
  Downloaded strum_macros v0.27.2
  Downloaded thiserror-impl v2.0.18
  Downloaded zeroize v1.9.0
  Downloaded hashbrown v0.15.5
  Downloaded toml_datetime v1.1.1+spec-1.1.0
  Downloaded thiserror v2.0.18
  Downloaded chrono v0.4.45
  Downloaded proptest v1.11.0
  Downloaded memchr v2.8.2
  Downloaded valuable v0.1.1
  Downloaded toml_parser v1.1.2+spec-1.1.0
  Downloaded smallvec v1.15.2
  Downloaded semver v1.0.28
  Downloaded tinyvec v1.11.0
  Downloaded tempfile v3.27.0
  Downloaded serde_core v1.0.228
  Downloaded unicode-ident v1.0.24
  Downloaded serde_derive v1.0.228
  Downloaded rzup v0.5.1
  Downloaded tracing-core v0.1.36
  Downloaded toml_edit v0.25.12+spec-1.1.0
  Downloaded serde v1.0.228
  Downloaded tracing-attributes v0.1.31
  Downloaded toml v0.8.23
  Downloaded schemars v1.2.1
  Downloaded yaml-rust2 v0.10.4
  Downloaded rsa v0.9.10
  Downloaded typenum v1.20.1
  Downloaded toml_edit v0.22.27
  Downloaded ruint v1.19.0
  Downloaded time-macros v0.2.31
  Downloaded spin v0.9.8
  Downloaded serde_with_macros v3.21.0
  Downloaded hashbrown v0.17.1
  Downloaded derive_more v2.1.1
  Downloaded risc0-zkvm-platform v2.2.2
  Downloaded serde_json v1.0.150
  Downloaded winnow v1.0.3
  Downloaded serde_with v3.21.0
  Downloaded winnow v0.7.15
  Downloaded zerocopy v0.8.52
  Downloaded time v0.3.53
  Downloaded syn v2.0.118
  Downloaded rustix v1.1.4
  Downloaded tracing v0.1.44
  Downloaded libc v0.2.186
  Downloaded darling_core v0.23.0
  Downloaded elf v0.7.4
  Downloaded risc0-zkp v3.0.4
  Downloaded risc0-zkos-v1compat v2.2.2
  Downloaded risc0-build v3.0.5
  Downloaded derive_more-impl v2.1.1
  Downloaded rand v0.9.4
  Downloaded rand v0.8.6
  Downloaded indexmap v2.14.0
  Downloaded num-traits v0.2.19
  Downloaded pkcs1 v0.7.5
  Downloaded arraydeque v0.5.1
  Downloaded getrandom v0.4.3
  Downloaded bytemuck v1.25.0
  Downloaded bitflags v2.13.0
  Downloaded proc-macro2 v1.0.106
  Downloaded once_cell v1.21.4
  Downloaded iana-time-zone v0.1.65
  Downloaded base64 v0.22.1
  Downloaded num-integer v0.1.46
  Downloaded der v0.7.10
  Downloaded base64ct v1.8.3
  Downloaded ppv-lite86 v0.2.21
  Downloaded pkcs8 v0.10.2
  Downloaded pin-project-lite v0.2.17
  Downloaded paste v1.0.15
  Downloaded num-bigint-dig v0.8.6
  Downloaded encoding_rs v0.8.35
  Downloaded hex v0.4.3
  Downloaded fastrand v2.4.1
  Downloaded errno v0.3.14
  Downloaded option-ext v0.2.0
  Downloaded darling_core v0.20.11
  Downloaded lazy_static v1.5.0
  Downloaded hashbrown v0.12.3
  Downloaded foldhash v0.1.5
  Downloaded darling_macro v0.20.11
  Downloaded getrandom v0.2.17
  Downloaded heck v0.5.0
  Downloaded const-oid v0.9.6
  Downloaded subtle v2.6.1
  Downloaded derive_builder_core v0.20.2
  Downloaded darling v0.20.11
  Downloaded cargo-platform v0.1.9
  Downloaded bytemuck_derive v1.10.2
  Downloaded block-buffer v0.10.4
  Downloaded strum v0.27.2
  Downloaded num_enum v0.7.6
  Downloaded log v0.4.33
  Downloaded darling_macro v0.23.0
  Downloaded cpufeatures v0.2.17
  Downloaded borsh v1.7.0
  Downloaded cargo_metadata v0.19.2
  Downloaded cfg_aliases v0.2.1
  Downloaded quote v1.0.46
  Downloaded num_enum_derive v0.7.6
  Downloaded num-iter v0.1.45
  Downloaded hashlink v0.10.0
  Downloaded deranged v0.5.8
  Downloaded powerfmt v0.2.0
  Downloaded digest v0.10.7
  Downloaded crypto-common v0.1.7
  Downloaded generic-array v0.14.7
  Downloaded fnv v1.0.7
  Downloaded embedded-io v0.4.0
  Downloaded docker-generate v0.1.3
  Downloaded cobs v0.3.0
  Downloaded cfg-if v1.0.4
  Downloaded linux-raw-sys v0.12.1
   Compiling proc-macro2 v1.0.106
   Compiling unicode-ident v1.0.24
   Compiling quote v1.0.46
   Compiling serde_core v1.0.228
   Compiling syn v2.0.118
   Compiling cfg-if v1.0.4
   Compiling libc v0.2.186
   Compiling version_check v0.9.5
   Compiling generic-array v0.14.7
   Compiling serde v1.0.228
   Compiling ident_case v1.0.1
   Compiling const-oid v0.9.6
   Compiling strsim v0.11.1
   Compiling serde_derive v1.0.228
   Compiling hashbrown v0.17.1
   Compiling equivalent v1.0.2
   Compiling typenum v1.20.1
   Compiling indexmap v2.14.0
   Compiling once_cell v1.21.4
   Compiling crypto-common v0.1.7
   Compiling block-buffer v0.10.4
   Compiling zerocopy v0.8.52
   Compiling libm v0.2.16
   Compiling subtle v2.6.1
   Compiling winnow v1.0.3
   Compiling autocfg v1.5.1
   Compiling num-traits v0.2.19
   Compiling toml_parser v1.1.2+spec-1.1.0
   Compiling digest v0.10.7
   Compiling getrandom v0.2.17
   Compiling rustversion v1.0.22
   Compiling base64ct v1.8.3
   Compiling thiserror v2.0.18
   Compiling zeroize v1.9.0
   Compiling toml_datetime v1.1.1+spec-1.1.0
   Compiling toml_edit v0.25.12+spec-1.1.0
   Compiling pem-rfc7468 v0.7.0
   Compiling rand_core v0.6.4
   Compiling thiserror-impl v2.0.18
   Compiling paste v1.0.15
   Compiling cfg_aliases v0.2.1
   Compiling fnv v1.0.7
   Compiling borsh v1.7.0
   Compiling darling_core v0.20.11
   Compiling ppv-lite86 v0.2.21
   Compiling proc-macro-crate v3.5.0
   Compiling der v0.7.10
   Compiling darling_core v0.23.0
   Compiling num_enum_derive v0.7.6
   Compiling spin v0.9.8
   Compiling lazy_static v1.5.0
   Compiling num_enum v0.7.6
   Compiling spki v0.7.3
   Compiling darling_macro v0.20.11
   Compiling borsh-derive v1.7.0
   Compiling darling_macro v0.23.0
   Compiling num-integer v0.1.46
   Compiling rand_chacha v0.3.1
   Compiling bytemuck_derive v1.10.2
   Compiling stability v0.2.1
   Compiling rustix v1.1.4
   Compiling cpufeatures v0.2.17
   Compiling foldhash v0.1.5
   Compiling getrandom v0.4.3
   Compiling anyhow v1.0.103
   Compiling zmij v1.0.21
   Compiling num-bigint-dig v0.8.6
   Compiling hashbrown v0.15.5
   Compiling sha2 v0.10.9
   Compiling bytemuck v1.25.0
   Compiling risc0-zkvm-platform v2.2.2
   Compiling rand v0.8.6
   Compiling num-iter v0.1.45
   Compiling darling v0.23.0
   Compiling darling v0.20.11
   Compiling pkcs8 v0.10.2
   Compiling serde_spanned v0.6.9
   Compiling toml_datetime v0.6.11
   Compiling tracing-core v0.1.36
   Compiling tracing-attributes v0.1.31
   Compiling semver v1.0.28
   Compiling camino v1.2.4
   Compiling unicode-xid v0.2.6
   Compiling hex v0.4.3
   Compiling toml_write v0.1.2
   Compiling bitflags v2.13.0
   Compiling serde_json v1.0.150
   Compiling risc0-zkp v3.0.4
   Compiling linux-raw-sys v0.12.1
   Compiling winnow v0.7.15
   Compiling log v0.4.33
   Compiling smallvec v1.15.2
   Compiling heck v0.5.0
   Compiling rand_core v0.9.5
   Compiling pin-project-lite v0.2.17
   Compiling tracing v0.1.44
   Compiling risc0-core v3.0.1
   Compiling strum_macros v0.27.2
   Compiling toml_edit v0.22.27
   Compiling derive_more-impl v2.1.1
   Compiling pkcs1 v0.7.5
   Compiling derive_builder_core v0.20.2
   Compiling serde_with_macros v3.21.0
   Compiling hashlink v0.10.0
   Compiling cobs v0.3.0
   Compiling signature v2.2.0
   Compiling blake2 v0.10.6
   Compiling encoding_rs v0.8.35
   Compiling fastrand v2.4.1
   Compiling ruint-macro v1.2.1
   Compiling arraydeque v0.5.1
   Compiling memchr v2.8.2
   Compiling option-ext v0.2.0
   Compiling hex-literal v0.4.1
   Compiling itoa v1.0.18
   Compiling dirs-sys v0.5.0
   Compiling yaml-rust2 v0.10.4
   Compiling ruint v1.19.0
   Compiling tempfile v3.27.0
   Compiling rsa v0.9.10
   Compiling postcard v1.1.3
   Compiling serde_with v3.21.0
   Compiling derive_builder_macro v0.20.2
   Compiling derive_more v2.1.1
   Compiling toml v0.8.23
   Compiling strum v0.27.2
   Compiling cargo-platform v0.1.9
   Compiling elf v0.7.4
   Compiling include_bytes_aligned v0.1.4
   Compiling no_std_strings v0.1.3
   Compiling risc0-zkos-v1compat v2.2.2
   Compiling cargo_metadata v0.19.2
   Compiling risc0-binfmt v3.0.4
   Compiling rzup v0.5.1
   Compiling derive_builder v0.20.2
   Compiling dirs v6.0.0
   Compiling docker-generate v0.1.3
   Compiling risc0-build v3.0.5
   Compiling methods v0.1.0 (/tmp/kanetui_zk_guest_build/methods)
    Finished `release` profile [optimized + debuginfo] target(s) in 55.00s
== build done 2026-10-03T21:11:33+07:00
methods.rs = target/release/build/methods-306cf5e318a2f6e7/out/methods.rs (2026-10-03 21:11:33)
payout.bin = /tmp/kanetui_zk_guest_build/target/riscv-guest/methods/payout/riscv32im-risc0-zkvm-elf/release/payout.bin (366748 B, sha256 885c6fca4914cd3fce4463d94acd517c…)
got  = c9918501d90bf0aeaaf7970816078c81e8286c08293ccf388e87a7cab023ce30
want = c9918501d90bf0aeaaf7970816078c81e8286c08293ccf388e87a7cab023ce30
IMAGE_ID OK
== done 2026-10-03T21:11:33+07:00
payout.bin sha256 (full):
885c6fca4914cd3fce4463d94acd517c517ade492c5de838faf163f43efa26cd  /tmp/kanetui_zk_guest_build/target/riscv-guest/methods/payout/riscv32im-risc0-zkvm-elf/release/payout.bin
366748 bytes
