  RUN   V-close_commit-1_fail_no_token_reaches_deadline_gate
  PASS  V-close_commit-1_fail_no_token_reaches_deadline_gate
  RUN   V-close_commit-2_fail_token_input_present_rejected_by_noTokenInput
  PASS  V-close_commit-2_fail_token_input_present_rejected_by_noTokenInput
  RUN   V-refund_flip-1_fail_no_token_reaches_deadline_gate
  PASS  V-refund_flip-1_fail_no_token_reaches_deadline_gate
  RUN   V-refund_flip-2_fail_token_input_present_rejected_by_noTokenInput
  PASS  V-refund_flip-2_fail_token_input_present_rejected_by_noTokenInput
  RUN   V-close_commit-3_fail_at_bound_8_inputs_no_token_reaches_deadline_gate
  PASS  V-close_commit-3_fail_at_bound_8_inputs_no_token_reaches_deadline_gate
  RUN   V-close_commit-4_fail_bound_plus_one_9_inputs_rejected_by_length_guard
  PASS  V-close_commit-4_fail_bound_plus_one_9_inputs_rejected_by_length_guard
  RUN   V-close_commit-5_fail_victim_token_at_last_reachable_index_7
  PASS  V-close_commit-5_fail_victim_token_at_last_reachable_index_7
  RUN   V-refund_flip-3_fail_at_bound_8_inputs_no_token_reaches_deadline_gate
  PASS  V-refund_flip-3_fail_at_bound_8_inputs_no_token_reaches_deadline_gate
  RUN   V-refund_flip-4_fail_bound_plus_one_9_inputs_rejected_by_length_guard
  PASS  V-refund_flip-4_fail_bound_plus_one_9_inputs_rejected_by_length_guard
  RUN   V-refund_flip-5_fail_victim_token_at_last_reachable_index_7
  PASS  V-refund_flip-5_fail_victim_token_at_last_reachable_index_7
  RUN   V-close_commit-6_fail_witness_wrong_tok_prefix_blake3_mismatch
  PASS  V-close_commit-6_fail_witness_wrong_tok_prefix_blake3_mismatch
  RUN   V-refund_flip-6_fail_witness_wrong_tok_prefix_blake3_mismatch
  PASS  V-refund_flip-6_fail_witness_wrong_tok_prefix_blake3_mismatch
  RUN   V-convert_to_claim-1_pass_real_bridge_full_pool_token_out
  PASS  V-convert_to_claim-1_pass_real_bridge_full_pool_token_out
  RUN   V-convert_to_claim-2_fail_bare_output_no_covenant_id_zero32
  PASS  V-convert_to_claim-2_fail_bare_output_no_covenant_id_zero32
  RUN   V-convert_to_claim-3_fail_fake_template_shell
  PASS  V-convert_to_claim-3_fail_fake_template_shell
  RUN   V-convert_to_claim-4_fail_outbind_token_diverted_to_stranger
  PASS  V-convert_to_claim-4_fail_outbind_token_diverted_to_stranger
  RUN   V-convert_to_claim-5_fail_witness_wrong_tok_prefix
  PASS  V-convert_to_claim-5_fail_witness_wrong_tok_prefix
  RUN   V-convert_to_claim-6_fail_smuggled_second_owned_token_uncounted
  PASS  V-convert_to_claim-6_fail_smuggled_second_owned_token_uncounted
  RUN   V-convert_to_refundclaim-1_pass_real_bridge_full_pool_token_out
  PASS  V-convert_to_refundclaim-1_pass_real_bridge_full_pool_token_out
  RUN   V-convert_to_refundclaim-2_fail_bare_output_no_covenant_id_zero32
  PASS  V-convert_to_refundclaim-2_fail_bare_output_no_covenant_id_zero32
  RUN   V-convert_to_refundclaim-3_fail_fake_template_shell
  PASS  V-convert_to_refundclaim-3_fail_fake_template_shell
  RUN   V-convert_to_refundclaim-4_fail_outbind_token_diverted_to_stranger
  PASS  V-convert_to_refundclaim-4_fail_outbind_token_diverted_to_stranger
  RUN   V-convert_to_refundclaim-5_fail_witness_wrong_tok_prefix
  PASS  V-convert_to_refundclaim-5_fail_witness_wrong_tok_prefix
  RUN   V-convert_to_refundclaim-6_fail_smuggled_second_owned_token_uncounted
  PASS  V-convert_to_refundclaim-6_fail_smuggled_second_owned_token_uncounted

24 tests: 24 passed, 0 failed
